#
# A fatal error has been detected by the Java Runtime Environment:
#
#  EXCEPTION_ACCESS_VIOLATION (0xc0000005) at pc=0x00007ffa8e5b1439, pid=25956, tid=9168
#
# JRE version: Java(TM) SE Runtime Environment (24.0.2+12) (build 24.0.2+12-54)
# Java VM: Java HotSpot(TM) 64-Bit Server VM (24.0.2+12-54, mixed mode, sharing, tiered, compressed oops, compressed class ptrs, g1 gc, windows-amd64)
# Problematic frame:
# V  [jvm.dll+0x3c1439]
#
# No core dump will be written. Minidumps are not enabled by default on client versions of Windows
#
# If you would like to submit a bug report, please visit:
#   https://bugreport.java.com/bugreport/crash.jsp
#

---------------  S U M M A R Y ------------

Command Line: -javaagent:C:\Program Files\JetBrains\IntelliJ IDEA Community Edition 2025.2.3\lib\idea_rt.jar=57084 -Dfile.encoding=UTF-8 -Dsun.stdout.encoding=UTF-8 -Dsun.stderr.encoding=UTF-8 com.empacoters.antsback.AntsBackApplication

Host: AMD Ryzen 5 5600 6-Core Processor              , 12 cores, 15G,  Windows 11 , 64 bit Build 26100 (10.0.26100.5074)
Time: Tue Dec  2 21:45:32 2025 Hora oficial do Brasil elapsed time: 0.746352 seconds (0d 0h 0m 0s)

---------------  T H R E A D  ---------------

Current thread (0x0000028dc26fb180):  JavaThread "C2 CompilerThread0" daemon [_thread_in_native, id=9168, stack(0x000000ea5b100000,0x000000ea5b200000) (1024K)]


Current CompileTask:
C2:746 1971       4       jdk.internal.classfile.impl.StackMapGenerator::processBlock (2767 bytes)

Stack: [0x000000ea5b100000,0x000000ea5b200000],  sp=0x000000ea5b1fcb70,  free space=1010k
Native frames: (J=compiled Java code, j=interpreted, Vv=VM code, C=native code)
V  [jvm.dll+0x3c1439]  (no source info available)
V  [jvm.dll+0x3c2556]  (no source info available)
V  [jvm.dll+0x3bfe2d]  (no source info available)
V  [jvm.dll+0x3bf4ca]  (no source info available)
V  [jvm.dll+0x26f637]  (no source info available)
V  [jvm.dll+0x26e8ff]  (no source info available)
V  [jvm.dll+0x1e9c90]  (no source info available)
V  [jvm.dll+0x27e0cb]  (no source info available)
V  [jvm.dll+0x27c36a]  (no source info available)
V  [jvm.dll+0x42f396]  (no source info available)
V  [jvm.dll+0x87d9eb]  (no source info available)
V  [jvm.dll+0x72ef45]  (no source info available)
C  [ucrtbase.dll+0x37b0]  (no source info available)
C  [KERNEL32.DLL+0x2e8d7]  (no source info available)
C  [ntdll.dll+0x8d9c]  (no source info available)


siginfo: EXCEPTION_ACCESS_VIOLATION (0xc0000005), reading address 0x00007ffad4045ef0


Registers:
RAX=0x0000028e087cfe90, RBX=0x00007ffa8ec3ea38, RCX=0x0000028e091c4b30, RDX=0x0000000000000002
RSP=0x000000ea5b1fcb70, RBP=0x000000000000031e, RSI=0x0000000000000000, RDI=0x0000000008a80e97
R8 =0x000000ea5b1fcc98, R9 =0x0000028e08c0fe50, R10=0x0000028e08c0fe30, R11=0x0000000000000003
R12=0x0000028e08d83700, R13=0x000000ea5b1fd0d0, R14=0x0000028e08a80dc8, R15=0x000000ea5b1fcbd0
RIP=0x00007ffa8e5b1439, EFLAGS=0x0000000000010202

XMM[0]=0x0000000000000000 0x0000000000000000
XMM[1]=0x0000028e088e2ff8 0x0000028e08af1830
XMM[2]=0x0000028e088e2f38 0x0000028e088e30b0
XMM[3]=0x0000000000000000 0x0000000000000000
XMM[4]=0x0000000000000000 0x0000000000000000
XMM[5]=0x0000028e0861d210 0x0000028e08620c38
XMM[6]=0x0000000000000000 0x0000000000000000
XMM[7]=0x0000000000000000 0x0000000000000000
XMM[8]=0x0000000000000000 0x0000000000000000
XMM[9]=0x0000000000000000 0x0000000000000000
XMM[10]=0x0000000000000000 0x0000000000000000
XMM[11]=0x0000000000000000 0x0000000000000000
XMM[12]=0x0000000000000000 0x0000000000000000
XMM[13]=0x0000000000000000 0x0000000000000000
XMM[14]=0x0000000000000000 0x0000000000000000
XMM[15]=0x0000000000000000 0x0000000000000000
  MXCSR=0x00001fa0


Register to memory mapping:

RAX=0x0000028e087cfe90 points into unknown readable memory: 0x00007ffa8ebf1928 | 28 19 bf 8e fa 7f 00 00
RBX=0x00007ffa8ec3ea38 jvm.dll
RCX=0x0000028e091c4b30 points into unknown readable memory: 0x0000028e08aec710 | 10 c7 ae 08 8e 02 00 00
RDX=0x0000000000000002 is an unknown value
RSP=0x000000ea5b1fcb70 is pointing into the stack for thread: 0x0000028dc26fb180
RBP=0x000000000000031e is an unknown value
RSI=0x0 is null
RDI=0x0000000008a80e97 is an unknown value
R8 =0x000000ea5b1fcc98 is pointing into the stack for thread: 0x0000028dc26fb180
R9 =0x0000028e08c0fe50 points into unknown readable memory: 0x0000028e088e34a8 | a8 34 8e 08 8e 02 00 00
R10=0x0000028e08c0fe30 points into unknown readable memory: 0x0000028e08af1830 | 30 18 af 08 8e 02 00 00
R11=0x0000000000000003 is an unknown value
R12=0x0000028e08d83700 points into unknown readable memory: 0x0000028e089ed670 | 70 d6 9e 08 8e 02 00 00
R13=0x000000ea5b1fd0d0 is pointing into the stack for thread: 0x0000028dc26fb180
R14=0x0000028e08a80dc8 points into unknown readable memory: 0x0000000000000000 | 00 00 00 00 00 00 00 00
R15=0x000000ea5b1fcbd0 is pointing into the stack for thread: 0x0000028dc26fb180

Top of Stack: (sp=0x000000ea5b1fcb70)
0x000000ea5b1fcb70:   0000028e088e34a8 000000ea5b1fd0d0   .4.........[....
0x000000ea5b1fcb80:   00000000000001c7 0000028e088e34a8   .........4......
0x000000ea5b1fcb90:   0000028e08aa1548 0000028e088e34a8   H........4......
0x000000ea5b1fcba0:   0000028e091c4b30 00007ffa8e5b2556   0K......V%[.....
0x000000ea5b1fcbb0:   0000028e08af18a0 0000028e088e3550   ........P5......
0x000000ea5b1fcbc0:   0000028e0873e460 0000028e088e3501   `.s......5......
0x000000ea5b1fcbd0:   000000ea5b1fcc98 000000ea5b1fccc8   ...[.......[....
0x000000ea5b1fcbe0:   000000ea5b1fd0d0 0000000000000000   ...[............
0x000000ea5b1fcbf0:   0000000000000000 0000028dc26f6400   .........do.....
0x000000ea5b1fcc00:   00000000000000ea 000000ea5b1fd0d0   ...........[....
0x000000ea5b1fcc10:   0000028e08aacb50 00007ffa8e5afe2d   P.......-.Z.....
0x000000ea5b1fcc20:   000000ea5b1fcd20 0000028e08783d68    ..[....h=x.....
0x000000ea5b1fcc30:   0000028e08780310 0000000000000000   ..x.............
0x000000ea5b1fcc40:   0000000000000000 0000000000000002   ................
0x000000ea5b1fcc50:   000000000000fa10 000000000000037f   ................
0x000000ea5b1fcc60:   0000000000000000 000000ea5b1fccd0   ...........[....
0x000000ea5b1fcc70:   0000000000000000 0000000000000000   ................
0x000000ea5b1fcc80:   0000000000000000 0000000000000000   ................
0x000000ea5b1fcc90:   0000000000000000 0000010000000100   ................
0x000000ea5b1fcca0:   0000028e08aa65f0 0000028dc26f6400   .e.......do.....
0x000000ea5b1fccb0:   00000000000e4a70 0000028e0877bd80   pJ........w.....
0x000000ea5b1fccc0:   00000000000eca48 0000028e08aa6a50   H.......Pj......
0x000000ea5b1fccd0:   0000028e08aac950 0000028e08aa69f0   P........i......
0x000000ea5b1fcce0:   0000028dc26f6400 0000000000000001   .do.............
0x000000ea5b1fccf0:   0000000000000000 0000000000000000   ................
0x000000ea5b1fcd00:   0000000000000000 0000000000000000   ................
0x000000ea5b1fcd10:   0000000000000000 0000000000000000   ................
0x000000ea5b1fcd20:   0000000000000000 0000000000007fd8   ................
0x000000ea5b1fcd30:   0000000000007fd8 00000000000023d0   .........#......
0x000000ea5b1fcd40:   00007ffa8ee1dbc0 00007ffb5c4d8d2d   ........-.M\....
0x000000ea5b1fcd50:   000000ea5b1fce10 0000000000000000   ...[............
0x000000ea5b1fcd60:   0000000000000000 000000000000022c   ........,.......

Instructions: (pc=0x00007ffa8e5b1439)
  0x00007ffa8e5b1339:   c4 20 41 5f 41 5e 5f e9 0b 17 00 00 cc cc cc cc
  0x00007ffa8e5b1349:   cc cc cc cc cc cc cc 41 57 48 83 ec 30 48 8b 51
  0x00007ffa8e5b1359:   08 4c 8b f9 4c 8b 02 49 8b c0 48 2b 42 10 48 83
  0x00007ffa8e5b1369:   c0 10 48 c1 e8 04 85 c0 75 09 33 c0 48 83 c4 30
  0x00007ffa8e5b1379:   41 5f c3 48 89 5c 24 40 49 8d 40 f0 48 89 6c 24
  0x00007ffa8e5b1389:   48 48 89 74 24 50 48 89 7c 24 58 4c 89 64 24 28
  0x00007ffa8e5b1399:   4d 8b 20 4c 89 74 24 20 4d 8b f4 49 83 e6 fe 41
  0x00007ffa8e5b13a9:   80 e4 01 41 8b 7e 20 41 39 78 08 41 0f 42 78 08
  0x00007ffa8e5b13b9:   48 89 02 0f 1f 40 00 41 8b 76 28 8b de 49 8b 2f
  0x00007ffa8e5b13c9:   c1 eb 05 3b 5d 00 72 0a 8b d3 48 8b cd e8 25 16
  0x00007ffa8e5b13d9:   50 00 48 8b 45 08 83 e6 1f 48 8d 14 98 8b 04 98
  0x00007ffa8e5b13e9:   0f ab f0 89 02 41 8b 46 2c 24 0f 3c 08 75 09 49
  0x00007ffa8e5b13f9:   8b 46 08 48 8b 08 eb 03 49 8b ce 49 8b 47 10 33
  0x00007ffa8e5b1409:   f6 8b 51 28 48 8b 88 88 00 00 00 48 8b 04 d1 8b
  0x00007ffa8e5b1419:   68 78 85 ff 0f 84 b9 00 00 00 0f 1f 40 00 66 0f
  0x00007ffa8e5b1429:   1f 84 00 00 00 00 00 49 8b 5e 10 ff cf 4d 8b 07
=>0x00007ffa8e5b1439:   48 8b 1c fb 8b 4b 28 8b c1 c1 e8 05 41 3b 00 73
  0x00007ffa8e5b1449:   11 8b d0 83 e1 1f 49 8b 40 08 8b 04 90 0f a3 c8
  0x00007ffa8e5b1459:   72 4a 8b 43 2c 24 0f 3c 08 75 09 48 8b 43 08 4c
  0x00007ffa8e5b1469:   8b 00 eb 03 4c 8b c3 49 8b 47 10 41 8b 50 28 48
  0x00007ffa8e5b1479:   8b 88 88 00 00 00 48 8b 04 d1 39 68 78 72 1d 75
  0x00007ffa8e5b1489:   0b 41 8b 40 2c 83 e0 0f 3c 0c 74 10 48 8b cb 48
  0x00007ffa8e5b1499:   8b f3 e8 b0 aa 34 00 41 3a c4 74 04 85 ff 75 87
  0x00007ffa8e5b14a9:   48 85 f6 74 2e 49 8b 5f 08 48 8b cb 48 83 03 10
  0x00007ffa8e5b14b9:   e8 e2 9a 34 00 48 8b 0b 41 0f b6 c4 49 0b c6 4c
  0x00007ffa8e5b14c9:   8b f6 45 32 e4 48 89 01 89 79 08 8b 7e 20 e9 e4
  0x00007ffa8e5b14d9:   fe ff ff 45 84 e4 75 0c 41 8b 7e 20 41 b4 01 e9
  0x00007ffa8e5b14e9:   d3 fe ff ff 4c 8b 64 24 28 49 8b c6 4c 8b 74 24
  0x00007ffa8e5b14f9:   20 48 8b 7c 24 58 48 8b 74 24 50 48 8b 6c 24 48
  0x00007ffa8e5b1509:   48 8b 5c 24 40 48 83 c4 30 41 5f c3 cc cc cc cc
  0x00007ffa8e5b1519:   cc cc cc cc cc cc cc 48 89 5c 24 08 48 89 74 24
  0x00007ffa8e5b1529:   10 48 89 7c 24 18 41 56 48 83 ec 20 8b 59 30 48


Stack slot to memory mapping:

stack at sp + 0 slots: 0x0000028e088e34a8 points into unknown readable memory: 0x00007ffa8eb74180 | 80 41 b7 8e fa 7f 00 00
stack at sp + 1 slots: 0x000000ea5b1fd0d0 is pointing into the stack for thread: 0x0000028dc26fb180
stack at sp + 2 slots: 0x00000000000001c7 is an unknown value
stack at sp + 3 slots: 0x0000028e088e34a8 points into unknown readable memory: 0x00007ffa8eb74180 | 80 41 b7 8e fa 7f 00 00
stack at sp + 4 slots: 0x0000028e08aa1548 points into unknown readable memory: 0x00007ffa8ebecd80 | 80 cd be 8e fa 7f 00 00
stack at sp + 5 slots: 0x0000028e088e34a8 points into unknown readable memory: 0x00007ffa8eb74180 | 80 41 b7 8e fa 7f 00 00
stack at sp + 6 slots: 0x0000028e091c4b30 points into unknown readable memory: 0x0000028e08aec710 | 10 c7 ae 08 8e 02 00 00
stack at sp + 7 slots: 0x00007ffa8e5b2556 jvm.dll

Lock stack of current Java thread (top to bottom):


---------------  P R O C E S S  ---------------

Threads class SMR info:
_java_thread_list=0x0000028e08f14fd0, length=17, elements={
0x0000028da2c2fde0, 0x0000028dc26f1990, 0x0000028dc26f41e0, 0x0000028dc26f51d0,
0x0000028dc26f7190, 0x0000028dc28401c0, 0x0000028dc2840cf0, 0x0000028dc26fb180,
0x0000028dc270dd20, 0x0000028dc29b5840, 0x0000028dc2aa5c40, 0x0000028dc2aa63d0,
0x0000028e0845c540, 0x0000028e0845cc80, 0x0000028e08e47e10, 0x0000028e08e49bc0,
0x0000028e08fea4f0
}

Java Threads: ( => current thread )
  0x0000028da2c2fde0 JavaThread "main"                              [_thread_blocked, id=15976, stack(0x000000ea5a300000,0x000000ea5a400000) (1024K)]
  0x0000028dc26f1990 JavaThread "Reference Handler"          daemon [_thread_blocked, id=22656, stack(0x000000ea5ab00000,0x000000ea5ac00000) (1024K)]
  0x0000028dc26f41e0 JavaThread "Finalizer"                  daemon [_thread_blocked, id=10608, stack(0x000000ea5ac00000,0x000000ea5ad00000) (1024K)]
  0x0000028dc26f51d0 JavaThread "Signal Dispatcher"          daemon [_thread_blocked, id=26208, stack(0x000000ea5ad00000,0x000000ea5ae00000) (1024K)]
  0x0000028dc26f7190 JavaThread "Attach Listener"            daemon [_thread_blocked, id=4664, stack(0x000000ea5ae00000,0x000000ea5af00000) (1024K)]
  0x0000028dc28401c0 JavaThread "Service Thread"             daemon [_thread_blocked, id=9132, stack(0x000000ea5af00000,0x000000ea5b000000) (1024K)]
  0x0000028dc2840cf0 JavaThread "Monitor Deflation Thread"   daemon [_thread_blocked, id=15984, stack(0x000000ea5b000000,0x000000ea5b100000) (1024K)]
=>0x0000028dc26fb180 JavaThread "C2 CompilerThread0"         daemon [_thread_in_native, id=9168, stack(0x000000ea5b100000,0x000000ea5b200000) (1024K)]
  0x0000028dc270dd20 JavaThread "C1 CompilerThread0"         daemon [_thread_blocked, id=3636, stack(0x000000ea5b200000,0x000000ea5b300000) (1024K)]
  0x0000028dc29b5840 JavaThread "Common-Cleaner"             daemon [_thread_blocked, id=10380, stack(0x000000ea5b300000,0x000000ea5b400000) (1024K)]
  0x0000028dc2aa5c40 JavaThread "C2 CompilerThread1"         daemon [_thread_in_native, id=9128, stack(0x000000ea5b400000,0x000000ea5b500000) (1024K)]
  0x0000028dc2aa63d0 JavaThread "C2 CompilerThread2"         daemon [_thread_blocked, id=25136, stack(0x000000ea5b500000,0x000000ea5b600000) (1024K)]
  0x0000028e0845c540 JavaThread "Monitor Ctrl-Break"         daemon [_thread_in_native, id=26440, stack(0x000000ea5b600000,0x000000ea5b700000) (1024K)]
  0x0000028e0845cc80 JavaThread "Notification Thread"        daemon [_thread_blocked, id=13260, stack(0x000000ea5b700000,0x000000ea5b800000) (1024K)]
  0x0000028e08e47e10 JavaThread "Thread-0"                          [_thread_blocked, id=21072, stack(0x000000ea5b800000,0x000000ea5b900000) (1024K)]
  0x0000028e08e49bc0 JavaThread "restartedMain"                     [_thread_in_Java, id=18716, stack(0x000000ea5b900000,0x000000ea5ba00000) (1024K)]
  0x0000028e08fea4f0 JavaThread "background-preinit"                [_thread_in_vm, id=3176, stack(0x000000ea5ba00000,0x000000ea5bb00000) (1024K)]
Total: 17

Other Threads:
  0x0000028dc26e1100 VMThread "VM Thread"                           [id=22488, stack(0x000000ea5aa00000,0x000000ea5ab00000) (1024K)]
  0x0000028dc26d3060 WatcherThread "VM Periodic Task Thread"        [id=21104, stack(0x000000ea5a900000,0x000000ea5aa00000) (1024K)]
  0x0000028da2c99a30 WorkerThread "GC Thread#0"                     [id=15468, stack(0x000000ea5a400000,0x000000ea5a500000) (1024K)]
  0x0000028e08feafa0 WorkerThread "GC Thread#1"                     [id=16232, stack(0x000000ea5bb00000,0x000000ea5bc00000) (1024K)]
  0x0000028e0900f760 WorkerThread "GC Thread#2"                     [id=24876, stack(0x000000ea5bc00000,0x000000ea5bd00000) (1024K)]
  0x0000028e0900fb10 WorkerThread "GC Thread#3"                     [id=9928, stack(0x000000ea5bd00000,0x000000ea5be00000) (1024K)]
  0x0000028e0900fec0 WorkerThread "GC Thread#4"                     [id=2428, stack(0x000000ea5be00000,0x000000ea5bf00000) (1024K)]
  0x0000028e09010270 WorkerThread "GC Thread#5"                     [id=15052, stack(0x000000ea5bf00000,0x000000ea5c000000) (1024K)]
  0x0000028e09016640 WorkerThread "GC Thread#6"                     [id=25492, stack(0x000000ea5c000000,0x000000ea5c100000) (1024K)]
  0x0000028e090169f0 WorkerThread "GC Thread#7"                     [id=27316, stack(0x000000ea5c100000,0x000000ea5c200000) (1024K)]
  0x0000028da2caec80 ConcurrentGCThread "G1 Main Marker"            [id=25708, stack(0x000000ea5a500000,0x000000ea5a600000) (1024K)]
  0x0000028da2cb11b0 WorkerThread "G1 Conc#0"                       [id=16900, stack(0x000000ea5a600000,0x000000ea5a700000) (1024K)]
  0x0000028dc259ba10 ConcurrentGCThread "G1 Refine#0"               [id=13664, stack(0x000000ea5a700000,0x000000ea5a800000) (1024K)]
  0x0000028dc259c430 ConcurrentGCThread "G1 Service"                [id=16072, stack(0x000000ea5a800000,0x000000ea5a900000) (1024K)]
Total: 14

Threads with active compile tasks:
C2 CompilerThread0  812 1971       4       jdk.internal.classfile.impl.StackMapGenerator::processBlock (2767 bytes)
C2 CompilerThread1  812 2242       4       java.lang.Class::getPackageName (81 bytes)
C2 CompilerThread2  812 2254       4       org.springframework.util.ConcurrentReferenceHashMap$Segment::getIndex (7 bytes)
Total: 3

VM state: not at safepoint (normal execution)

VM Mutex/Monitor currently owned by a thread: None

Heap address: 0x0000000701200000, size: 4078 MB, Compressed Oops mode: Zero based, Oop shift amount: 3

CDS archive(s) mapped at: [0x0000028dc3000000-0x0000028dc3d40000-0x0000028dc3d40000), size 13893632, SharedBaseAddress: 0x0000028dc3000000, ArchiveRelocationMode: 1.
Compressed class space mapped at: 0x0000028dc4000000-0x0000028e04000000, reserved size: 1073741824
UseCompressedClassPointers 1, UseCompactObjectHeaders 0
Narrow klass pointer bits 32, Max shift 3
Narrow klass base: 0x0000028dc3000000, Narrow klass shift: 0
Encoding Range: [0x0000028dc3000000 - 0x0000028ec3000000), (4294967296 bytes)
Klass Range:    [0x0000028dc3000000 - 0x0000028e04000000), (1090519040 bytes)
Klass ID Range:  [8 - 1090519033) (1090519025)

GC Precious Log:
 CardTable entry size: 512
 Card Set container configuration: InlinePtr #cards 4 size 8 Array Of Cards #cards 16 size 48 Howl #buckets 8 coarsen threshold 3686 Howl Bitmap #cards 512 size 80 coarsen threshold 460 Card regions per heap region 1 cards per card region 4096
 CPUs: 12 total, 12 available
 Memory: 16305M
 Large Page Support: Disabled
 NUMA Support: Disabled
 Compressed Oops: Enabled (Zero based)
 Heap Region Size: 2M
 Heap Min Capacity: 8M
 Heap Initial Capacity: 256M
 Heap Max Capacity: 4078M
 Pre-touch: Disabled
 Parallel Workers: 10
 Concurrent Workers: 3
 Concurrent Refinement Workers: 10
 Periodic GC: Disabled

Heap:
 garbage-first heap   total reserved 4175872K, committed 264192K, used 26929K [0x0000000701200000, 0x0000000800000000)
  region size 2048K, 11 young (22528K), 3 survivors (6144K)
 Metaspace       used 14652K, committed 14912K, reserved 1114112K
  class space    used 1432K, committed 1536K, reserved 1048576K

Heap Regions: E=young(eden), S=young(survivor), O=old, HS=humongous(starts), HC=humongous(continues), CS=collection set, F=free, TAMS=top-at-mark-start, PB=parsable bottom
|   0|0x0000000701200000, 0x0000000701400000, 0x0000000701400000|100%| O|  |TAMS 0x0000000701200000| PB 0x0000000701200000| Untracked |  0
|   1|0x0000000701400000, 0x0000000701600000, 0x0000000701600000|100%| O|  |TAMS 0x0000000701400000| PB 0x0000000701400000| Untracked |  0
|   2|0x0000000701600000, 0x000000070172f4a0, 0x0000000701800000| 59%| O|  |TAMS 0x0000000701600000| PB 0x0000000701600000| Untracked |  0
|   3|0x0000000701800000, 0x0000000701800000, 0x0000000701a00000|  0%| F|  |TAMS 0x0000000701800000| PB 0x0000000701800000| Untracked |  0
|   4|0x0000000701a00000, 0x0000000701a00000, 0x0000000701c00000|  0%| F|  |TAMS 0x0000000701a00000| PB 0x0000000701a00000| Untracked |  0
|   5|0x0000000701c00000, 0x0000000701c00000, 0x0000000701e00000|  0%| F|  |TAMS 0x0000000701c00000| PB 0x0000000701c00000| Untracked |  0
|   6|0x0000000701e00000, 0x0000000701e00000, 0x0000000702000000|  0%| F|  |TAMS 0x0000000701e00000| PB 0x0000000701e00000| Untracked |  0
|   7|0x0000000702000000, 0x0000000702000000, 0x0000000702200000|  0%| F|  |TAMS 0x0000000702000000| PB 0x0000000702000000| Untracked |  0
|   8|0x0000000702200000, 0x0000000702200000, 0x0000000702400000|  0%| F|  |TAMS 0x0000000702200000| PB 0x0000000702200000| Untracked |  0
|   9|0x0000000702400000, 0x0000000702400000, 0x0000000702600000|  0%| F|  |TAMS 0x0000000702400000| PB 0x0000000702400000| Untracked |  0
|  10|0x0000000702600000, 0x0000000702600000, 0x0000000702800000|  0%| F|  |TAMS 0x0000000702600000| PB 0x0000000702600000| Untracked |  0
|  11|0x0000000702800000, 0x0000000702800000, 0x0000000702a00000|  0%| F|  |TAMS 0x0000000702800000| PB 0x0000000702800000| Untracked |  0
|  12|0x0000000702a00000, 0x0000000702a00000, 0x0000000702c00000|  0%| F|  |TAMS 0x0000000702a00000| PB 0x0000000702a00000| Untracked |  0
|  13|0x0000000702c00000, 0x0000000702c00000, 0x0000000702e00000|  0%| F|  |TAMS 0x0000000702c00000| PB 0x0000000702c00000| Untracked |  0
|  14|0x0000000702e00000, 0x0000000702e00000, 0x0000000703000000|  0%| F|  |TAMS 0x0000000702e00000| PB 0x0000000702e00000| Untracked |  0
|  15|0x0000000703000000, 0x0000000703000000, 0x0000000703200000|  0%| F|  |TAMS 0x0000000703000000| PB 0x0000000703000000| Untracked |  0
|  16|0x0000000703200000, 0x0000000703200000, 0x0000000703400000|  0%| F|  |TAMS 0x0000000703200000| PB 0x0000000703200000| Untracked |  0
|  17|0x0000000703400000, 0x0000000703400000, 0x0000000703600000|  0%| F|  |TAMS 0x0000000703400000| PB 0x0000000703400000| Untracked |  0
|  18|0x0000000703600000, 0x0000000703600000, 0x0000000703800000|  0%| F|  |TAMS 0x0000000703600000| PB 0x0000000703600000| Untracked |  0
|  19|0x0000000703800000, 0x0000000703800000, 0x0000000703a00000|  0%| F|  |TAMS 0x0000000703800000| PB 0x0000000703800000| Untracked |  0
|  20|0x0000000703a00000, 0x0000000703a00000, 0x0000000703c00000|  0%| F|  |TAMS 0x0000000703a00000| PB 0x0000000703a00000| Untracked |  0
|  21|0x0000000703c00000, 0x0000000703c00000, 0x0000000703e00000|  0%| F|  |TAMS 0x0000000703c00000| PB 0x0000000703c00000| Untracked |  0
|  22|0x0000000703e00000, 0x0000000703e00000, 0x0000000704000000|  0%| F|  |TAMS 0x0000000703e00000| PB 0x0000000703e00000| Untracked |  0
|  23|0x0000000704000000, 0x0000000704000000, 0x0000000704200000|  0%| F|  |TAMS 0x0000000704000000| PB 0x0000000704000000| Untracked |  0
|  24|0x0000000704200000, 0x0000000704200000, 0x0000000704400000|  0%| F|  |TAMS 0x0000000704200000| PB 0x0000000704200000| Untracked |  0
|  25|0x0000000704400000, 0x0000000704400000, 0x0000000704600000|  0%| F|  |TAMS 0x0000000704400000| PB 0x0000000704400000| Untracked |  0
|  26|0x0000000704600000, 0x0000000704600000, 0x0000000704800000|  0%| F|  |TAMS 0x0000000704600000| PB 0x0000000704600000| Untracked |  0
|  27|0x0000000704800000, 0x0000000704800000, 0x0000000704a00000|  0%| F|  |TAMS 0x0000000704800000| PB 0x0000000704800000| Untracked |  0
|  28|0x0000000704a00000, 0x0000000704a00000, 0x0000000704c00000|  0%| F|  |TAMS 0x0000000704a00000| PB 0x0000000704a00000| Untracked |  0
|  29|0x0000000704c00000, 0x0000000704c00000, 0x0000000704e00000|  0%| F|  |TAMS 0x0000000704c00000| PB 0x0000000704c00000| Untracked |  0
|  30|0x0000000704e00000, 0x0000000704e00000, 0x0000000705000000|  0%| F|  |TAMS 0x0000000704e00000| PB 0x0000000704e00000| Untracked |  0
|  31|0x0000000705000000, 0x0000000705000000, 0x0000000705200000|  0%| F|  |TAMS 0x0000000705000000| PB 0x0000000705000000| Untracked |  0
|  32|0x0000000705200000, 0x0000000705200000, 0x0000000705400000|  0%| F|  |TAMS 0x0000000705200000| PB 0x0000000705200000| Untracked |  0
|  33|0x0000000705400000, 0x0000000705400000, 0x0000000705600000|  0%| F|  |TAMS 0x0000000705400000| PB 0x0000000705400000| Untracked |  0
|  34|0x0000000705600000, 0x0000000705600000, 0x0000000705800000|  0%| F|  |TAMS 0x0000000705600000| PB 0x0000000705600000| Untracked |  0
|  35|0x0000000705800000, 0x0000000705800000, 0x0000000705a00000|  0%| F|  |TAMS 0x0000000705800000| PB 0x0000000705800000| Untracked |  0
|  36|0x0000000705a00000, 0x0000000705a00000, 0x0000000705c00000|  0%| F|  |TAMS 0x0000000705a00000| PB 0x0000000705a00000| Untracked |  0
|  37|0x0000000705c00000, 0x0000000705c00000, 0x0000000705e00000|  0%| F|  |TAMS 0x0000000705c00000| PB 0x0000000705c00000| Untracked |  0
|  38|0x0000000705e00000, 0x0000000705e00000, 0x0000000706000000|  0%| F|  |TAMS 0x0000000705e00000| PB 0x0000000705e00000| Untracked |  0
|  39|0x0000000706000000, 0x0000000706000000, 0x0000000706200000|  0%| F|  |TAMS 0x0000000706000000| PB 0x0000000706000000| Untracked |  0
|  40|0x0000000706200000, 0x0000000706200000, 0x0000000706400000|  0%| F|  |TAMS 0x0000000706200000| PB 0x0000000706200000| Untracked |  0
|  41|0x0000000706400000, 0x0000000706400000, 0x0000000706600000|  0%| F|  |TAMS 0x0000000706400000| PB 0x0000000706400000| Untracked |  0
|  42|0x0000000706600000, 0x0000000706600000, 0x0000000706800000|  0%| F|  |TAMS 0x0000000706600000| PB 0x0000000706600000| Untracked |  0
|  43|0x0000000706800000, 0x0000000706800000, 0x0000000706a00000|  0%| F|  |TAMS 0x0000000706800000| PB 0x0000000706800000| Untracked |  0
|  44|0x0000000706a00000, 0x0000000706a00000, 0x0000000706c00000|  0%| F|  |TAMS 0x0000000706a00000| PB 0x0000000706a00000| Untracked |  0
|  45|0x0000000706c00000, 0x0000000706c00000, 0x0000000706e00000|  0%| F|  |TAMS 0x0000000706c00000| PB 0x0000000706c00000| Untracked |  0
|  46|0x0000000706e00000, 0x0000000706e00000, 0x0000000707000000|  0%| F|  |TAMS 0x0000000706e00000| PB 0x0000000706e00000| Untracked |  0
|  47|0x0000000707000000, 0x0000000707000000, 0x0000000707200000|  0%| F|  |TAMS 0x0000000707000000| PB 0x0000000707000000| Untracked |  0
|  48|0x0000000707200000, 0x0000000707200000, 0x0000000707400000|  0%| F|  |TAMS 0x0000000707200000| PB 0x0000000707200000| Untracked |  0
|  49|0x0000000707400000, 0x0000000707400000, 0x0000000707600000|  0%| F|  |TAMS 0x0000000707400000| PB 0x0000000707400000| Untracked |  0
|  50|0x0000000707600000, 0x0000000707600000, 0x0000000707800000|  0%| F|  |TAMS 0x0000000707600000| PB 0x0000000707600000| Untracked |  0
|  51|0x0000000707800000, 0x0000000707800000, 0x0000000707a00000|  0%| F|  |TAMS 0x0000000707800000| PB 0x0000000707800000| Untracked |  0
|  52|0x0000000707a00000, 0x0000000707a00000, 0x0000000707c00000|  0%| F|  |TAMS 0x0000000707a00000| PB 0x0000000707a00000| Untracked |  0
|  53|0x0000000707c00000, 0x0000000707c00000, 0x0000000707e00000|  0%| F|  |TAMS 0x0000000707c00000| PB 0x0000000707c00000| Untracked |  0
|  54|0x0000000707e00000, 0x0000000707e00000, 0x0000000708000000|  0%| F|  |TAMS 0x0000000707e00000| PB 0x0000000707e00000| Untracked |  0
|  55|0x0000000708000000, 0x0000000708000000, 0x0000000708200000|  0%| F|  |TAMS 0x0000000708000000| PB 0x0000000708000000| Untracked |  0
|  56|0x0000000708200000, 0x0000000708200000, 0x0000000708400000|  0%| F|  |TAMS 0x0000000708200000| PB 0x0000000708200000| Untracked |  0
|  57|0x0000000708400000, 0x0000000708400000, 0x0000000708600000|  0%| F|  |TAMS 0x0000000708400000| PB 0x0000000708400000| Untracked |  0
|  58|0x0000000708600000, 0x0000000708600000, 0x0000000708800000|  0%| F|  |TAMS 0x0000000708600000| PB 0x0000000708600000| Untracked |  0
|  59|0x0000000708800000, 0x0000000708800000, 0x0000000708a00000|  0%| F|  |TAMS 0x0000000708800000| PB 0x0000000708800000| Untracked |  0
|  60|0x0000000708a00000, 0x0000000708a00000, 0x0000000708c00000|  0%| F|  |TAMS 0x0000000708a00000| PB 0x0000000708a00000| Untracked |  0
|  61|0x0000000708c00000, 0x0000000708c00000, 0x0000000708e00000|  0%| F|  |TAMS 0x0000000708c00000| PB 0x0000000708c00000| Untracked |  0
|  62|0x0000000708e00000, 0x0000000708e00000, 0x0000000709000000|  0%| F|  |TAMS 0x0000000708e00000| PB 0x0000000708e00000| Untracked |  0
|  63|0x0000000709000000, 0x0000000709000000, 0x0000000709200000|  0%| F|  |TAMS 0x0000000709000000| PB 0x0000000709000000| Untracked |  0
|  64|0x0000000709200000, 0x0000000709200000, 0x0000000709400000|  0%| F|  |TAMS 0x0000000709200000| PB 0x0000000709200000| Untracked |  0
|  65|0x0000000709400000, 0x0000000709400000, 0x0000000709600000|  0%| F|  |TAMS 0x0000000709400000| PB 0x0000000709400000| Untracked |  0
|  66|0x0000000709600000, 0x0000000709600000, 0x0000000709800000|  0%| F|  |TAMS 0x0000000709600000| PB 0x0000000709600000| Untracked |  0
|  67|0x0000000709800000, 0x0000000709800000, 0x0000000709a00000|  0%| F|  |TAMS 0x0000000709800000| PB 0x0000000709800000| Untracked |  0
|  68|0x0000000709a00000, 0x0000000709a00000, 0x0000000709c00000|  0%| F|  |TAMS 0x0000000709a00000| PB 0x0000000709a00000| Untracked |  0
|  69|0x0000000709c00000, 0x0000000709c00000, 0x0000000709e00000|  0%| F|  |TAMS 0x0000000709c00000| PB 0x0000000709c00000| Untracked |  0
|  70|0x0000000709e00000, 0x0000000709e00000, 0x000000070a000000|  0%| F|  |TAMS 0x0000000709e00000| PB 0x0000000709e00000| Untracked |  0
|  71|0x000000070a000000, 0x000000070a000000, 0x000000070a200000|  0%| F|  |TAMS 0x000000070a000000| PB 0x000000070a000000| Untracked |  0
|  72|0x000000070a200000, 0x000000070a200000, 0x000000070a400000|  0%| F|  |TAMS 0x000000070a200000| PB 0x000000070a200000| Untracked |  0
|  73|0x000000070a400000, 0x000000070a400000, 0x000000070a600000|  0%| F|  |TAMS 0x000000070a400000| PB 0x000000070a400000| Untracked |  0
|  74|0x000000070a600000, 0x000000070a600000, 0x000000070a800000|  0%| F|  |TAMS 0x000000070a600000| PB 0x000000070a600000| Untracked |  0
|  75|0x000000070a800000, 0x000000070a800000, 0x000000070aa00000|  0%| F|  |TAMS 0x000000070a800000| PB 0x000000070a800000| Untracked |  0
|  76|0x000000070aa00000, 0x000000070aa00000, 0x000000070ac00000|  0%| F|  |TAMS 0x000000070aa00000| PB 0x000000070aa00000| Untracked |  0
|  77|0x000000070ac00000, 0x000000070ac00000, 0x000000070ae00000|  0%| F|  |TAMS 0x000000070ac00000| PB 0x000000070ac00000| Untracked |  0
|  78|0x000000070ae00000, 0x000000070ae00000, 0x000000070b000000|  0%| F|  |TAMS 0x000000070ae00000| PB 0x000000070ae00000| Untracked |  0
|  79|0x000000070b000000, 0x000000070b000000, 0x000000070b200000|  0%| F|  |TAMS 0x000000070b000000| PB 0x000000070b000000| Untracked |  0
|  80|0x000000070b200000, 0x000000070b200000, 0x000000070b400000|  0%| F|  |TAMS 0x000000070b200000| PB 0x000000070b200000| Untracked |  0
|  81|0x000000070b400000, 0x000000070b400000, 0x000000070b600000|  0%| F|  |TAMS 0x000000070b400000| PB 0x000000070b400000| Untracked |  0
|  82|0x000000070b600000, 0x000000070b600000, 0x000000070b800000|  0%| F|  |TAMS 0x000000070b600000| PB 0x000000070b600000| Untracked |  0
|  83|0x000000070b800000, 0x000000070b800000, 0x000000070ba00000|  0%| F|  |TAMS 0x000000070b800000| PB 0x000000070b800000| Untracked |  0
|  84|0x000000070ba00000, 0x000000070ba00000, 0x000000070bc00000|  0%| F|  |TAMS 0x000000070ba00000| PB 0x000000070ba00000| Untracked |  0
|  85|0x000000070bc00000, 0x000000070bc00000, 0x000000070be00000|  0%| F|  |TAMS 0x000000070bc00000| PB 0x000000070bc00000| Untracked |  0
|  86|0x000000070be00000, 0x000000070be00000, 0x000000070c000000|  0%| F|  |TAMS 0x000000070be00000| PB 0x000000070be00000| Untracked |  0
|  87|0x000000070c000000, 0x000000070c000000, 0x000000070c200000|  0%| F|  |TAMS 0x000000070c000000| PB 0x000000070c000000| Untracked |  0
|  88|0x000000070c200000, 0x000000070c200000, 0x000000070c400000|  0%| F|  |TAMS 0x000000070c200000| PB 0x000000070c200000| Untracked |  0
|  89|0x000000070c400000, 0x000000070c400000, 0x000000070c600000|  0%| F|  |TAMS 0x000000070c400000| PB 0x000000070c400000| Untracked |  0
|  90|0x000000070c600000, 0x000000070c600000, 0x000000070c800000|  0%| F|  |TAMS 0x000000070c600000| PB 0x000000070c600000| Untracked |  0
|  91|0x000000070c800000, 0x000000070c800000, 0x000000070ca00000|  0%| F|  |TAMS 0x000000070c800000| PB 0x000000070c800000| Untracked |  0
|  92|0x000000070ca00000, 0x000000070ca00000, 0x000000070cc00000|  0%| F|  |TAMS 0x000000070ca00000| PB 0x000000070ca00000| Untracked |  0
|  93|0x000000070cc00000, 0x000000070cc00000, 0x000000070ce00000|  0%| F|  |TAMS 0x000000070cc00000| PB 0x000000070cc00000| Untracked |  0
|  94|0x000000070ce00000, 0x000000070ce00000, 0x000000070d000000|  0%| F|  |TAMS 0x000000070ce00000| PB 0x000000070ce00000| Untracked |  0
|  95|0x000000070d000000, 0x000000070d000000, 0x000000070d200000|  0%| F|  |TAMS 0x000000070d000000| PB 0x000000070d000000| Untracked |  0
|  96|0x000000070d200000, 0x000000070d200000, 0x000000070d400000|  0%| F|  |TAMS 0x000000070d200000| PB 0x000000070d200000| Untracked |  0
|  97|0x000000070d400000, 0x000000070d400000, 0x000000070d600000|  0%| F|  |TAMS 0x000000070d400000| PB 0x000000070d400000| Untracked |  0
|  98|0x000000070d600000, 0x000000070d600000, 0x000000070d800000|  0%| F|  |TAMS 0x000000070d600000| PB 0x000000070d600000| Untracked |  0
|  99|0x000000070d800000, 0x000000070d800000, 0x000000070da00000|  0%| F|  |TAMS 0x000000070d800000| PB 0x000000070d800000| Untracked |  0
| 100|0x000000070da00000, 0x000000070da00000, 0x000000070dc00000|  0%| F|  |TAMS 0x000000070da00000| PB 0x000000070da00000| Untracked |  0
| 101|0x000000070dc00000, 0x000000070de00000, 0x000000070de00000|100%| S|CS|TAMS 0x000000070dc00000| PB 0x000000070dc00000| Complete |  0
| 102|0x000000070de00000, 0x000000070e000000, 0x000000070e000000|100%| S|CS|TAMS 0x000000070de00000| PB 0x000000070de00000| Complete |  0
| 103|0x000000070e000000, 0x000000070e200000, 0x000000070e200000|100%| S|CS|TAMS 0x000000070e000000| PB 0x000000070e000000| Complete |  0
| 104|0x000000070e200000, 0x000000070e200000, 0x000000070e400000|  0%| F|  |TAMS 0x000000070e200000| PB 0x000000070e200000| Untracked |  0
| 105|0x000000070e400000, 0x000000070e400000, 0x000000070e600000|  0%| F|  |TAMS 0x000000070e400000| PB 0x000000070e400000| Untracked |  0
| 106|0x000000070e600000, 0x000000070e600000, 0x000000070e800000|  0%| F|  |TAMS 0x000000070e600000| PB 0x000000070e600000| Untracked |  0
| 107|0x000000070e800000, 0x000000070e800000, 0x000000070ea00000|  0%| F|  |TAMS 0x000000070e800000| PB 0x000000070e800000| Untracked |  0
| 108|0x000000070ea00000, 0x000000070ea00000, 0x000000070ec00000|  0%| F|  |TAMS 0x000000070ea00000| PB 0x000000070ea00000| Untracked |  0
| 109|0x000000070ec00000, 0x000000070ec00000, 0x000000070ee00000|  0%| F|  |TAMS 0x000000070ec00000| PB 0x000000070ec00000| Untracked |  0
| 110|0x000000070ee00000, 0x000000070ee00000, 0x000000070f000000|  0%| F|  |TAMS 0x000000070ee00000| PB 0x000000070ee00000| Untracked |  0
| 111|0x000000070f000000, 0x000000070f000000, 0x000000070f200000|  0%| F|  |TAMS 0x000000070f000000| PB 0x000000070f000000| Untracked |  0
| 112|0x000000070f200000, 0x000000070f200000, 0x000000070f400000|  0%| F|  |TAMS 0x000000070f200000| PB 0x000000070f200000| Untracked |  0
| 113|0x000000070f400000, 0x000000070f400000, 0x000000070f600000|  0%| F|  |TAMS 0x000000070f400000| PB 0x000000070f400000| Untracked |  0
| 114|0x000000070f600000, 0x000000070f600000, 0x000000070f800000|  0%| F|  |TAMS 0x000000070f600000| PB 0x000000070f600000| Untracked |  0
| 115|0x000000070f800000, 0x000000070f800000, 0x000000070fa00000|  0%| F|  |TAMS 0x000000070f800000| PB 0x000000070f800000| Untracked |  0
| 116|0x000000070fa00000, 0x000000070fa00000, 0x000000070fc00000|  0%| F|  |TAMS 0x000000070fa00000| PB 0x000000070fa00000| Untracked |  0
| 117|0x000000070fc00000, 0x000000070fc00000, 0x000000070fe00000|  0%| F|  |TAMS 0x000000070fc00000| PB 0x000000070fc00000| Untracked |  0
| 118|0x000000070fe00000, 0x000000070fe00000, 0x0000000710000000|  0%| F|  |TAMS 0x000000070fe00000| PB 0x000000070fe00000| Untracked |  0
| 119|0x0000000710000000, 0x00000007101083e0, 0x0000000710200000| 51%| E|  |TAMS 0x0000000710000000| PB 0x0000000710000000| Complete |  0
| 120|0x0000000710200000, 0x0000000710400000, 0x0000000710400000|100%| E|CS|TAMS 0x0000000710200000| PB 0x0000000710200000| Complete |  0
| 121|0x0000000710400000, 0x0000000710600000, 0x0000000710600000|100%| E|CS|TAMS 0x0000000710400000| PB 0x0000000710400000| Complete |  0
| 122|0x0000000710600000, 0x0000000710800000, 0x0000000710800000|100%| E|CS|TAMS 0x0000000710600000| PB 0x0000000710600000| Complete |  0
| 123|0x0000000710800000, 0x0000000710a00000, 0x0000000710a00000|100%| E|CS|TAMS 0x0000000710800000| PB 0x0000000710800000| Complete |  0
| 124|0x0000000710a00000, 0x0000000710c00000, 0x0000000710c00000|100%| E|CS|TAMS 0x0000000710a00000| PB 0x0000000710a00000| Complete |  0
| 125|0x0000000710c00000, 0x0000000710e00000, 0x0000000710e00000|100%| E|CS|TAMS 0x0000000710c00000| PB 0x0000000710c00000| Complete |  0
| 126|0x0000000710e00000, 0x0000000711000000, 0x0000000711000000|100%| E|CS|TAMS 0x0000000710e00000| PB 0x0000000710e00000| Complete |  0
| 127|0x0000000711000000, 0x0000000711200000, 0x0000000711200000|100%| E|CS|TAMS 0x0000000711000000| PB 0x0000000711000000| Complete |  0
|2038|0x00000007ffe00000, 0x00000007fff1d248, 0x0000000800000000| 55%| O|  |TAMS 0x00000007ffe00000| PB 0x00000007ffe00000| Untracked |  0

Card table byte_map: [0x0000028dbb330000,0x0000028dbbb30000] _byte_map_base: 0x0000028db7b27000

Marking Bits: (CMBitMap*) 0x0000028da2c9a140
 Bits: [0x0000028dbbb30000, 0x0000028dbfae8000)

Polling page: 0x0000028da0a90000

Metaspace:

Usage:
  Non-class:     13.11 MB used.
      Class:      1.42 MB used.
       Both:     14.53 MB used.

Virtual space:
  Non-class space:       64.00 MB reserved,      13.25 MB ( 21%) committed,  1 nodes.
      Class space:        1.00 GB reserved,       1.50 MB ( <1%) committed,  1 nodes.
             Both:        1.06 GB reserved,      14.75 MB (  1%) committed. 

Chunk freelists:
   Non-Class:  2.28 MB
       Class:  14.31 MB
        Both:  16.59 MB

MaxMetaspaceSize: unlimited
CompressedClassSpaceSize: 1.00 GB
Initial GC threshold: 21.00 MB
Current GC threshold: 21.00 MB
CDS: on
 - commit_granule_bytes: 65536.
 - commit_granule_words: 8192.
 - virtual_space_node_default_size: 8388608.
 - enlarge_chunks_in_place: 1.
UseCompressedClassPointers 1, UseCompactObjectHeaders 0
Narrow klass pointer bits 32, Max shift 3
Narrow klass base: 0x0000028dc3000000, Narrow klass shift: 0
Encoding Range: [0x0000028dc3000000 - 0x0000028ec3000000), (4294967296 bytes)
Klass Range:    [0x0000028dc3000000 - 0x0000028e04000000), (1090519040 bytes)
Klass ID Range:  [8 - 1090519033) (1090519025)


Internal statistics:

num_allocs_failed_limit: 0.
num_arena_births: 216.
num_arena_deaths: 0.
num_vsnodes_births: 2.
num_vsnodes_deaths: 0.
num_space_committed: 236.
num_space_uncommitted: 0.
num_chunks_returned_to_freelist: 0.
num_chunks_taken_from_freelist: 666.
num_chunk_merges: 0.
num_chunk_splits: 438.
num_chunks_enlarged: 328.
num_inconsistent_stats: 0.

CodeHeap 'non-profiled nmethods': size=120064Kb used=702Kb max_used=702Kb free=119361Kb
 bounds [0x0000028db2f80000, 0x0000028db31f0000, 0x0000028dba4c0000]
CodeHeap 'profiled nmethods': size=120000Kb used=3573Kb max_used=3573Kb free=116426Kb
 bounds [0x0000028dab4c0000, 0x0000028dab840000, 0x0000028db29f0000]
CodeHeap 'non-nmethods': size=5696Kb used=1342Kb max_used=1357Kb free=4353Kb
 bounds [0x0000028db29f0000, 0x0000028db2c60000, 0x0000028db2f80000]
CodeCache: size=245760Kb, used=5617Kb, max_used=5632Kb, free=240140Kb
 total_blobs=2766, nmethods=2260, adapters=411, full_count=0
Compilation: enabled, stopped_count=0, restarted_count=0

Compilation events (20 events):
Event: 0.706 Thread 0x0000028dc270dd20 nmethod 1995 0x0000028dab7d1208 code [0x0000028dab7d1320, 0x0000028dab7d15b8]
Event: 0.710 Thread 0x0000028dc2aa63d0 1998       4       java.lang.CharacterDataLatin1::equalsIgnoreCase (63 bytes)
Event: 0.711 Thread 0x0000028dc2aa63d0 nmethod 1998 0x0000028db3014f08 code [0x0000028db3015000, 0x0000028db30150c0]
Event: 0.713 Thread 0x0000028dc270dd20 1999       3       java.lang.String::<init> (14 bytes)
Event: 0.713 Thread 0x0000028dc270dd20 nmethod 1999 0x0000028dab7d1608 code [0x0000028dab7d1760, 0x0000028dab7d1a98]
Event: 0.713 Thread 0x0000028dc2aa63d0 2000       4       jdk.internal.jimage.ImageLocation::readValue (61 bytes)
Event: 0.713 Thread 0x0000028dc270dd20 2001       3       java.lang.classfile.ClassBuilder::withField (32 bytes)
Event: 0.713 Thread 0x0000028dc270dd20 nmethod 2001 0x0000028dab7d1b08 code [0x0000028dab7d1ca0, 0x0000028dab7d2480]
Event: 0.715 Thread 0x0000028dc2aa5c40 nmethod 1934 0x0000028db3015208 code [0x0000028db3015580, 0x0000028db30176d0]
Event: 0.716 Thread 0x0000028dc2aa63d0 nmethod 2000 0x0000028db3017808 code [0x0000028db3017900, 0x0000028db3017af0]
Event: 0.717 Thread 0x0000028dc270dd20 2002       3       java.lang.classfile.CodeBuilder::getfield (11 bytes)
Event: 0.717 Thread 0x0000028dc2aa5c40 2003       4       java.util.Arrays::fill (21 bytes)
Event: 0.717 Thread 0x0000028dc270dd20 nmethod 2002 0x0000028dab7d2508 code [0x0000028dab7d2660, 0x0000028dab7d2b28]
Event: 0.718 Thread 0x0000028dc2aa5c40 nmethod 2003 0x0000028db3017b88 code [0x0000028db3017ca0, 0x0000028db3017f20]
Event: 0.719 Thread 0x0000028dc270dd20 2004       1       java.lang.Enum::name (5 bytes)
Event: 0.719 Thread 0x0000028dc270dd20 nmethod 2004 0x0000028db3017f88 code [0x0000028db3018080, 0x0000028db3018148]
Event: 0.720 Thread 0x0000028dc270dd20 2005       1       jdk.xml.internal.XMLSecurityManager$Limit::systemProperty (5 bytes)
Event: 0.721 Thread 0x0000028dc270dd20 nmethod 2005 0x0000028db3018288 code [0x0000028db3018380, 0x0000028db3018448]
Event: 0.728 Thread 0x0000028dc2aa63d0 2006       4       java.lang.String::regionMatches (150 bytes)
Event: 0.729 Thread 0x0000028dc270dd20 2007       3       ch.qos.logback.classic.Logger::getChildByName (68 bytes)

GC Heap History (2 events):
Event: 0.688 GC heap before
{Heap before GC invocations=0 (full 0):
 garbage-first heap   total reserved 4175872K, committed 264192K, used 48244K [0x0000000701200000, 0x0000000800000000)
  region size 2048K, 24 young (49152K), 0 survivors (0K)
 Metaspace       used 9233K, committed 9472K, reserved 1114112K
  class space    used 995K, committed 1088K, reserved 1048576K
}
Event: 0.691 GC heap after
{Heap after GC invocations=1 (full 0):
 garbage-first heap   total reserved 4175872K, committed 264192K, used 12593K [0x0000000701200000, 0x0000000800000000)
  region size 2048K, 3 young (6144K), 3 survivors (6144K)
 Metaspace       used 9233K, committed 9472K, reserved 1114112K
  class space    used 995K, committed 1088K, reserved 1048576K
}

Dll operation events (11 events):
Event: 0.007 Loaded shared library D:\Program Files\Java\jdk-24\bin\java.dll
Event: 0.025 Loaded shared library D:\Program Files\Java\jdk-24\bin\jsvml.dll
Event: 0.101 Loaded shared library D:\Program Files\Java\jdk-24\bin\zip.dll
Event: 0.103 Loaded shared library D:\Program Files\Java\jdk-24\bin\instrument.dll
Event: 0.107 Loaded shared library D:\Program Files\Java\jdk-24\bin\net.dll
Event: 0.108 Loaded shared library D:\Program Files\Java\jdk-24\bin\nio.dll
Event: 0.110 Loaded shared library D:\Program Files\Java\jdk-24\bin\zip.dll
Event: 0.196 Loaded shared library D:\Program Files\Java\jdk-24\bin\extnet.dll
Event: 0.214 Loaded shared library D:\Program Files\Java\jdk-24\bin\jimage.dll
Event: 0.363 Loaded shared library D:\Program Files\Java\jdk-24\bin\management.dll
Event: 0.364 Loaded shared library D:\Program Files\Java\jdk-24\bin\management_ext.dll

Deoptimization events (20 events):
Event: 0.691 Thread 0x0000028e08e49bc0 Uncommon trap: trap_request=0xffffff4d fr.pc=0x0000028db301271c relative=0x000000000000009c
Event: 0.691 Thread 0x0000028e08fea4f0 Uncommon trap: trap_request=0xffffff4d fr.pc=0x0000028db301271c relative=0x000000000000009c
Event: 0.691 Thread 0x0000028e08e49bc0 Uncommon trap: reason=unstable_if action=reinterpret pc=0x0000028db301271c method=java.lang.ref.SoftReference.get()Ljava/lang/Object; @ 17 c2
Event: 0.691 Thread 0x0000028e08fea4f0 Uncommon trap: reason=unstable_if action=reinterpret pc=0x0000028db301271c method=java.lang.ref.SoftReference.get()Ljava/lang/Object; @ 17 c2
Event: 0.691 Thread 0x0000028e08e49bc0 DEOPT PACKING pc=0x0000028db301271c sp=0x000000ea5b9fe890
Event: 0.691 Thread 0x0000028e08fea4f0 DEOPT PACKING pc=0x0000028db301271c sp=0x000000ea5bafeec0
Event: 0.691 Thread 0x0000028e08e49bc0 DEOPT UNPACKING pc=0x0000028db2b06382 sp=0x000000ea5b9fe820 mode 2
Event: 0.691 Thread 0x0000028e08fea4f0 DEOPT UNPACKING pc=0x0000028db2b06382 sp=0x000000ea5bafee50 mode 2
Event: 0.692 Thread 0x0000028e08e49bc0 Uncommon trap: trap_request=0xffffff4d fr.pc=0x0000028db3001e60 relative=0x0000000000000060
Event: 0.692 Thread 0x0000028e08e49bc0 Uncommon trap: reason=unstable_if action=reinterpret pc=0x0000028db3001e60 method=java.lang.ref.ReferenceQueue.poll()Ljava/lang/ref/Reference; @ 4 c2
Event: 0.692 Thread 0x0000028e08e49bc0 DEOPT PACKING pc=0x0000028db3001e60 sp=0x000000ea5b9fda30
Event: 0.692 Thread 0x0000028e08e49bc0 DEOPT UNPACKING pc=0x0000028db2b06382 sp=0x000000ea5b9fd938 mode 2
Event: 0.692 Thread 0x0000028e08e49bc0 Uncommon trap: trap_request=0xffffff4d fr.pc=0x0000028db2fdfad8 relative=0x0000000000000058
Event: 0.692 Thread 0x0000028e08e49bc0 Uncommon trap: reason=unstable_if action=reinterpret pc=0x0000028db2fdfad8 method=java.lang.ref.ReferenceQueue.poll()Ljava/lang/ref/Reference; @ 4 c2
Event: 0.692 Thread 0x0000028e08e49bc0 DEOPT PACKING pc=0x0000028db2fdfad8 sp=0x000000ea5b9fd9c0
Event: 0.692 Thread 0x0000028e08e49bc0 DEOPT UNPACKING pc=0x0000028db2b06382 sp=0x000000ea5b9fd938 mode 2
Event: 0.719 Thread 0x0000028e08fea4f0 Uncommon trap: trap_request=0xffffff76 fr.pc=0x0000028db3017da0 relative=0x0000000000000100
Event: 0.719 Thread 0x0000028e08fea4f0 Uncommon trap: reason=predicate action=maybe_recompile pc=0x0000028db3017da0 method=java.util.Arrays.fill([Ljava/lang/Object;Ljava/lang/Object;)V @ 7 c2
Event: 0.719 Thread 0x0000028e08fea4f0 DEOPT PACKING pc=0x0000028db3017da0 sp=0x000000ea5bafd120
Event: 0.719 Thread 0x0000028e08fea4f0 DEOPT UNPACKING pc=0x0000028db2b06382 sp=0x000000ea5bafd098 mode 2

Classes loaded (20 events):
Event: 0.728 Loading class com/sun/org/apache/xerces/internal/xni/parser/XMLDTDScanner done
Event: 0.728 Loading class com/sun/org/apache/xerces/internal/impl/XMLDTDScannerImpl done
Event: 0.728 Loading class com/sun/org/apache/xerces/internal/impl/dtd/XMLDTDProcessor
Event: 0.728 Loading class com/sun/org/apache/xerces/internal/xni/parser/XMLDTDFilter
Event: 0.728 Loading class com/sun/org/apache/xerces/internal/xni/parser/XMLDTDFilter done
Event: 0.728 Loading class com/sun/org/apache/xerces/internal/xni/parser/XMLDTDContentModelFilter
Event: 0.728 Loading class com/sun/org/apache/xerces/internal/xni/parser/XMLDTDContentModelFilter done
Event: 0.729 Loading class com/sun/org/apache/xerces/internal/impl/dtd/XMLDTDProcessor done
Event: 0.729 Loading class com/sun/org/apache/xerces/internal/impl/dtd/XMLEntityDecl
Event: 0.729 Loading class com/sun/org/apache/xerces/internal/impl/dtd/XMLEntityDecl done
Event: 0.729 Loading class com/sun/org/apache/xerces/internal/impl/dtd/XMLNSDTDValidator
Event: 0.729 Loading class com/sun/org/apache/xerces/internal/impl/dtd/XMLDTDValidator
Event: 0.729 Loading class com/sun/org/apache/xerces/internal/xni/parser/XMLDocumentFilter
Event: 0.729 Loading class com/sun/org/apache/xerces/internal/xni/parser/XMLDocumentFilter done
Event: 0.729 Loading class com/sun/org/apache/xerces/internal/impl/dtd/XMLDTDValidatorFilter
Event: 0.729 Loading class com/sun/org/apache/xerces/internal/impl/dtd/XMLDTDValidatorFilter done
Event: 0.729 Loading class com/sun/org/apache/xerces/internal/impl/RevalidationHandler
Event: 0.729 Loading class com/sun/org/apache/xerces/internal/impl/RevalidationHandler done
Event: 0.729 Loading class com/sun/org/apache/xerces/internal/impl/dtd/XMLDTDValidator done
Event: 0.729 Loading class com/sun/org/apache/xerces/internal/impl/dtd/XMLNSDTDValidator done

Classes unloaded (0 events):
No events

Classes redefined (0 events):
No events

Internal exceptions (20 events):
Event: 0.564 Thread 0x0000028e08e49bc0 Exception <a 'java/lang/NoSuchMethodError'{0x000000070ea1a950}: 'void java.lang.invoke.DirectMethodHandle$Holder.invokeSpecial(java.lang.Object, java.lang.Object, java.lang.Object, java.lang.Object, java.lang.Object)'> (0x000000070ea1a950) 
thrown [s\open\src\hotspot\share\interpreter\linkResolver.cpp, line 805]
Event: 0.570 Thread 0x0000028e08e49bc0 Exception <a 'java/lang/NoSuchMethodError'{0x000000070ea65ec8}: 'int java.lang.invoke.DirectMethodHandle$Holder.invokeVirtual(java.lang.Object, java.lang.Object)'> (0x000000070ea65ec8) 
thrown [s\open\src\hotspot\share\interpreter\linkResolver.cpp, line 805]
Event: 0.573 Thread 0x0000028e08e49bc0 Exception <a 'java/lang/NoSuchMethodError'{0x000000070ea98698}: 'java.lang.Object java.lang.invoke.DirectMethodHandle$Holder.invokeStaticInit(java.lang.Object, java.lang.Object, java.lang.Object, java.lang.Object, java.lang.Object, java.lang.Object, java.lang.Object)'> (0x000000070ea98698) 
thrown [s\open\src\hotspot\share\interpreter\linkResolver.cpp, line 805]
Event: 0.574 Thread 0x0000028e08e49bc0 Exception <a 'java/lang/NoSuchMethodError'{0x000000070eab3f20}: 'int java.lang.invoke.DirectMethodHandle$Holder.invokeStaticInit(java.lang.Object, int, int)'> (0x000000070eab3f20) 
thrown [s\open\src\hotspot\share\interpreter\linkResolver.cpp, line 805]
Event: 0.575 Thread 0x0000028e08e49bc0 Exception <a 'java/lang/NoSuchMethodError'{0x000000070eac48f8}: 'int java.lang.invoke.DirectMethodHandle$Holder.invokeStaticInit(java.lang.Object, long, long)'> (0x000000070eac48f8) 
thrown [s\open\src\hotspot\share\interpreter\linkResolver.cpp, line 805]
Event: 0.575 Thread 0x0000028e08e49bc0 Exception <a 'java/lang/NoSuchMethodError'{0x000000070ead4ba0}: 'int java.lang.invoke.DirectMethodHandle$Holder.invokeStaticInit(java.lang.Object, float, float)'> (0x000000070ead4ba0) 
thrown [s\open\src\hotspot\share\interpreter\linkResolver.cpp, line 805]
Event: 0.575 Thread 0x0000028e08e49bc0 Exception <a 'java/lang/NoSuchMethodError'{0x000000070eae4e40}: 'int java.lang.invoke.DirectMethodHandle$Holder.invokeStaticInit(java.lang.Object, double, double)'> (0x000000070eae4e40) 
thrown [s\open\src\hotspot\share\interpreter\linkResolver.cpp, line 805]
Event: 0.576 Thread 0x0000028e08e49bc0 Exception <a 'java/lang/NoSuchMethodError'{0x000000070eaede90}: 'int java.lang.invoke.DirectMethodHandle$Holder.invokeStatic(java.lang.Object, long)'> (0x000000070eaede90) 
thrown [s\open\src\hotspot\share\interpreter\linkResolver.cpp, line 805]
Event: 0.576 Thread 0x0000028e08e49bc0 Exception <a 'java/lang/NoSuchMethodError'{0x000000070eb09078}: 'java.lang.Object java.lang.invoke.DirectMethodHandle$Holder.invokeStatic(java.lang.Object, long)'> (0x000000070eb09078) 
thrown [s\open\src\hotspot\share\interpreter\linkResolver.cpp, line 805]
Event: 0.576 Thread 0x0000028e08e49bc0 Exception <a 'java/lang/NoSuchMethodError'{0x000000070eb11900}: 'java.lang.Object java.lang.invoke.DirectMethodHandle$Holder.invokeStatic(java.lang.Object, float)'> (0x000000070eb11900) 
thrown [s\open\src\hotspot\share\interpreter\linkResolver.cpp, line 805]
Event: 0.578 Thread 0x0000028e08e49bc0 Exception <a 'java/lang/NoSuchMethodError'{0x000000070eb530d8}: 'int java.lang.invoke.Invokers$Holder.linkToTargetMethod(java.lang.Object, java.lang.Object)'> (0x000000070eb530d8) 
thrown [s\open\src\hotspot\share\interpreter\linkResolver.cpp, line 805]
Event: 0.588 Thread 0x0000028e08e49bc0 Exception <a 'java/lang/NoSuchMethodError'{0x000000070ebf55d8}: 'java.lang.Object java.lang.invoke.DirectMethodHandle$Holder.newInvokeSpecial(java.lang.Object, java.lang.Object, java.lang.Object, int, java.lang.Object)'> (0x000000070ebf55d8) 
thrown [s\open\src\hotspot\share\interpreter\linkResolver.cpp, line 805]
Event: 0.588 Thread 0x0000028e08e49bc0 Exception <a 'java/lang/NoSuchMethodError'{0x000000070e8069a8}: 'java.lang.Object java.lang.invoke.Invokers$Holder.linkToTargetMethod(java.lang.Object, java.lang.Object, int, java.lang.Object, java.lang.Object)'> (0x000000070e8069a8) 
thrown [s\open\src\hotspot\share\interpreter\linkResolver.cpp, line 805]
Event: 0.589 Thread 0x0000028e08e49bc0 Exception <a 'java/lang/NoSuchMethodError'{0x000000070e8221a8}: 'java.lang.Object java.lang.invoke.DirectMethodHandle$Holder.newInvokeSpecial(java.lang.Object, int, java.lang.Object)'> (0x000000070e8221a8) 
thrown [s\open\src\hotspot\share\interpreter\linkResolver.cpp, line 805]
Event: 0.589 Thread 0x0000028e08e49bc0 Exception <a 'java/lang/NoSuchMethodError'{0x000000070e82b990}: 'int java.lang.invoke.DirectMethodHandle$Holder.invokeSpecialIFC(java.lang.Object, java.lang.Object, java.lang.Object, java.lang.Object)'> (0x000000070e82b990) 
thrown [s\open\src\hotspot\share\interpreter\linkResolver.cpp, line 805]
Event: 0.601 Thread 0x0000028e08e49bc0 Exception <a 'java/lang/NoSuchMethodError'{0x000000070e913cf0}: 'java.lang.Object java.lang.invoke.DirectMethodHandle$Holder.invokeVirtual(java.lang.Object, java.lang.Object, java.lang.Object)'> (0x000000070e913cf0) 
thrown [s\open\src\hotspot\share\interpreter\linkResolver.cpp, line 805]
Event: 0.618 Thread 0x0000028e08e49bc0 Exception <a 'java/lang/NoSuchMethodError'{0x000000070e626040}: 'void java.lang.invoke.DirectMethodHandle$Holder.invokeInterface(java.lang.Object, java.lang.Object, java.lang.Object)'> (0x000000070e626040) 
thrown [s\open\src\hotspot\share\interpreter\linkResolver.cpp, line 805]
Event: 0.633 Thread 0x0000028e08e49bc0 Exception <a 'java/lang/NoSuchMethodError'{0x000000070e6f87e8}: 'void java.lang.invoke.DirectMethodHandle$Holder.invokeStaticInit(java.lang.Object, java.lang.Object, java.lang.Object)'> (0x000000070e6f87e8) 
thrown [s\open\src\hotspot\share\interpreter\linkResolver.cpp, line 805]
Event: 0.647 Thread 0x0000028e08e49bc0 Exception <a 'java/lang/NoSuchMethodError'{0x000000070e7ebe08}: 'void java.lang.invoke.DirectMethodHandle$Holder.invokeVirtual(java.lang.Object, java.lang.Object, java.lang.Object, java.lang.Object)'> (0x000000070e7ebe08) 
thrown [s\open\src\hotspot\share\interpreter\linkResolver.cpp, line 805]
Event: 0.701 Thread 0x0000028e08e49bc0 Exception <a 'java/lang/IncompatibleClassChangeError'{0x000000071117fa08}: Found class java.lang.Object, but interface was expected> (0x000000071117fa08) 
thrown [s\open\src\hotspot\share\interpreter\linkResolver.cpp, line 872]

VM Operations (20 events):
Event: 0.093 Executing VM operation: HandshakeAllThreads (Deoptimize)
Event: 0.093 Executing VM operation: HandshakeAllThreads (Deoptimize) done
Event: 0.212 Executing VM operation: HandshakeAllThreads (Deoptimize)
Event: 0.212 Executing VM operation: HandshakeAllThreads (Deoptimize) done
Event: 0.216 Executing VM operation: HandshakeAllThreads (Deoptimize)
Event: 0.216 Executing VM operation: HandshakeAllThreads (Deoptimize) done
Event: 0.320 Executing VM operation: HandshakeAllThreads (Deoptimize)
Event: 0.320 Executing VM operation: HandshakeAllThreads (Deoptimize) done
Event: 0.360 Executing VM operation: HandshakeAllThreads (Deoptimize)
Event: 0.360 Executing VM operation: HandshakeAllThreads (Deoptimize) done
Event: 0.448 Executing VM operation: HandshakeAllThreads (Deoptimize)
Event: 0.448 Executing VM operation: HandshakeAllThreads (Deoptimize) done
Event: 0.680 Executing VM operation: HandshakeAllThreads (Deoptimize)
Event: 0.680 Executing VM operation: HandshakeAllThreads (Deoptimize) done
Event: 0.682 Executing VM operation: HandshakeAllThreads (Deoptimize)
Event: 0.682 Executing VM operation: HandshakeAllThreads (Deoptimize) done
Event: 0.683 Executing VM operation: HandshakeAllThreads (Deoptimize)
Event: 0.683 Executing VM operation: HandshakeAllThreads (Deoptimize) done
Event: 0.688 Executing VM operation: G1CollectForAllocation (G1 Evacuation Pause)
Event: 0.691 Executing VM operation: G1CollectForAllocation (G1 Evacuation Pause) done

Memory protections (0 events):
No events

Nmethod flushes (0 events):
No events

Events (17 events):
Event: 0.015 Thread 0x0000028da2c2fde0 Thread added: 0x0000028da2c2fde0
Event: 0.023 Thread 0x0000028da2c2fde0 Thread added: 0x0000028dc26f1990
Event: 0.023 Thread 0x0000028da2c2fde0 Thread added: 0x0000028dc26f41e0
Event: 0.023 Thread 0x0000028da2c2fde0 Thread added: 0x0000028dc26f51d0
Event: 0.024 Thread 0x0000028da2c2fde0 Thread added: 0x0000028dc26f7190
Event: 0.024 Thread 0x0000028da2c2fde0 Thread added: 0x0000028dc28401c0
Event: 0.024 Thread 0x0000028da2c2fde0 Thread added: 0x0000028dc2840cf0
Event: 0.024 Thread 0x0000028da2c2fde0 Thread added: 0x0000028dc26fb180
Event: 0.024 Thread 0x0000028da2c2fde0 Thread added: 0x0000028dc270dd20
Event: 0.105 Thread 0x0000028da2c2fde0 Thread added: 0x0000028dc29b5840
Event: 0.125 Thread 0x0000028dc26fb180 Thread added: 0x0000028dc2aa5c40
Event: 0.125 Thread 0x0000028dc26fb180 Thread added: 0x0000028dc2aa63d0
Event: 0.190 Thread 0x0000028da2c2fde0 Thread added: 0x0000028e0845c540
Event: 0.190 Thread 0x0000028da2c2fde0 Thread added: 0x0000028e0845cc80
Event: 0.406 Thread 0x0000028da2c2fde0 Thread added: 0x0000028e08e47e10
Event: 0.408 Thread 0x0000028e08e47e10 Thread added: 0x0000028e08e49bc0
Event: 0.686 Thread 0x0000028e08e49bc0 Thread added: 0x0000028e08fea4f0


Dynamic libraries:
0x00007ff740d80000 - 0x00007ff740d90000 	D:\Program Files\Java\jdk-24\bin\java.exe
0x00007ffb5efe0000 - 0x00007ffb5f249000 	C:\WINDOWS\SYSTEM32\ntdll.dll
0x00007ffb5df20000 - 0x00007ffb5dfe9000 	C:\WINDOWS\System32\KERNEL32.DLL
0x00007ffb5c420000 - 0x00007ffb5c813000 	C:\WINDOWS\System32\KERNELBASE.dll
0x00007ffb5c200000 - 0x00007ffb5c34b000 	C:\WINDOWS\System32\ucrtbase.dll
0x00007ffb3f6d0000 - 0x00007ffb3f6e6000 	D:\Program Files\Java\jdk-24\bin\jli.dll
0x00007ffb3f6b0000 - 0x00007ffb3f6cb000 	D:\Program Files\Java\jdk-24\bin\VCRUNTIME140.dll
0x00007ffb5ce70000 - 0x00007ffb5d034000 	C:\WINDOWS\System32\USER32.dll
0x00007ffb5c350000 - 0x00007ffb5c377000 	C:\WINDOWS\System32\win32u.dll
0x00007ffb5b260000 - 0x00007ffb5b4f3000 	C:\WINDOWS\WinSxS\amd64_microsoft.windows.common-controls_6595b64144ccf1df_6.0.26100.5074_none_3e0d6f78e32fd63f\COMCTL32.dll
0x00007ffb5def0000 - 0x00007ffb5df1b000 	C:\WINDOWS\System32\GDI32.dll
0x00007ffb5ebc0000 - 0x00007ffb5ec69000 	C:\WINDOWS\System32\msvcrt.dll
0x00007ffb5ca40000 - 0x00007ffb5cb6d000 	C:\WINDOWS\System32\gdi32full.dll
0x00007ffb5c990000 - 0x00007ffb5ca33000 	C:\WINDOWS\System32\msvcp_win.dll
0x00007ffb5de20000 - 0x00007ffb5de4f000 	C:\WINDOWS\System32\IMM32.DLL
0x00007ffb36210000 - 0x00007ffb3621c000 	D:\Program Files\Java\jdk-24\bin\vcruntime140_1.dll
0x00007ffb2fcb0000 - 0x00007ffb2fd3e000 	D:\Program Files\Java\jdk-24\bin\msvcp140.dll
0x00007ffa8e1f0000 - 0x00007ffa8ef91000 	D:\Program Files\Java\jdk-24\bin\server\jvm.dll
0x00007ffb5cdb0000 - 0x00007ffb5ce64000 	C:\WINDOWS\System32\ADVAPI32.dll
0x00007ffb5d050000 - 0x00007ffb5d0f6000 	C:\WINDOWS\System32\sechost.dll
0x00007ffb5ee80000 - 0x00007ffb5ef98000 	C:\WINDOWS\System32\RPCRT4.dll
0x00007ffb5d850000 - 0x00007ffb5d8c4000 	C:\WINDOWS\System32\WS2_32.dll
0x00007ffb5bfd0000 - 0x00007ffb5c02e000 	C:\WINDOWS\SYSTEM32\POWRPROF.dll
0x00007ffb55390000 - 0x00007ffb5539b000 	C:\WINDOWS\SYSTEM32\VERSION.dll
0x00007ffb4c2e0000 - 0x00007ffb4c315000 	C:\WINDOWS\SYSTEM32\WINMM.dll
0x00007ffb5bfb0000 - 0x00007ffb5bfc4000 	C:\WINDOWS\SYSTEM32\UMPDC.dll
0x00007ffb5a5f0000 - 0x00007ffb5a60b000 	C:\WINDOWS\SYSTEM32\kernel.appcore.dll
0x00007ffb345e0000 - 0x00007ffb345ea000 	D:\Program Files\Java\jdk-24\bin\jimage.dll
0x00007ffb5b940000 - 0x00007ffb5bb82000 	C:\WINDOWS\SYSTEM32\DBGHELP.DLL
0x00007ffb5e840000 - 0x00007ffb5ebbb000 	C:\WINDOWS\System32\combase.dll
0x00007ffb5ec80000 - 0x00007ffb5ed57000 	C:\WINDOWS\System32\OLEAUT32.dll
0x00007ffb31700000 - 0x00007ffb3173d000 	C:\WINDOWS\SYSTEM32\dbgcore.DLL
0x00007ffb5c380000 - 0x00007ffb5c419000 	C:\WINDOWS\System32\bcryptPrimitives.dll
0x00007ffb32630000 - 0x00007ffb3263f000 	D:\Program Files\Java\jdk-24\bin\instrument.dll
0x00007ffb2fde0000 - 0x00007ffb2fdfe000 	D:\Program Files\Java\jdk-24\bin\java.dll
0x00007ffb5d6b0000 - 0x00007ffb5d848000 	C:\WINDOWS\System32\ole32.dll
0x00007ffb5dff0000 - 0x00007ffb5e73d000 	C:\WINDOWS\System32\SHELL32.dll
0x00007ffb5c820000 - 0x00007ffb5c98c000 	C:\WINDOWS\System32\wintypes.dll
0x00007ffb59380000 - 0x00007ffb59bd9000 	C:\WINDOWS\SYSTEM32\windows.storage.dll
0x00007ffb5d8d0000 - 0x00007ffb5d9c0000 	C:\WINDOWS\System32\SHCORE.dll
0x00007ffb5e740000 - 0x00007ffb5e7a2000 	C:\WINDOWS\System32\shlwapi.dll
0x00007ffb5c090000 - 0x00007ffb5c0b9000 	C:\WINDOWS\SYSTEM32\profapi.dll
0x00007ffb2fbd0000 - 0x00007ffb2fca7000 	D:\Program Files\Java\jdk-24\bin\jsvml.dll
0x00007ffb2fda0000 - 0x00007ffb2fdb7000 	D:\Program Files\Java\jdk-24\bin\zip.dll
0x00007ffb31c50000 - 0x00007ffb31c60000 	D:\Program Files\Java\jdk-24\bin\net.dll
0x00007ffb5ab30000 - 0x00007ffb5ab9b000 	C:\WINDOWS\system32\mswsock.dll
0x00007ffb2fdc0000 - 0x00007ffb2fdd6000 	D:\Program Files\Java\jdk-24\bin\nio.dll
0x00007ffb31320000 - 0x00007ffb31329000 	D:\Program Files\Java\jdk-24\bin\extnet.dll
0x00007ffb2fbc0000 - 0x00007ffb2fbca000 	D:\Program Files\Java\jdk-24\bin\management.dll
0x00007ffb2f6e0000 - 0x00007ffb2f6eb000 	D:\Program Files\Java\jdk-24\bin\management_ext.dll
0x00007ffb5ec70000 - 0x00007ffb5ec78000 	C:\WINDOWS\System32\PSAPI.DLL

JVMTI agents:
C:\Program Files\JetBrains\IntelliJ IDEA Community Edition 2025.2.3\lib\idea_rt.jar path:D:\Program Files\Java\jdk-24\bin\instrument.dll, loaded, initialized, instrumentlib options:57084

dbghelp: loaded successfully - version: 4.0.5 - missing functions: none
symbol engine: initialized successfully - sym options: 0x614 - pdb path: .;D:\Program Files\Java\jdk-24\bin;C:\WINDOWS\SYSTEM32;C:\WINDOWS\WinSxS\amd64_microsoft.windows.common-controls_6595b64144ccf1df_6.0.26100.5074_none_3e0d6f78e32fd63f;D:\Program Files\Java\jdk-24\bin\server

VM Arguments:
jvm_args: -javaagent:C:\Program Files\JetBrains\IntelliJ IDEA Community Edition 2025.2.3\lib\idea_rt.jar=57084 -Dfile.encoding=UTF-8 -Dsun.stdout.encoding=UTF-8 -Dsun.stderr.encoding=UTF-8 
java_command: com.empacoters.antsback.AntsBackApplication
java_class_path (initial): C:\Users\mathe\ants-at-work-backend\target\classes;C:\Users\mathe\.m2\repository\org\springframework\boot\spring-boot-starter-data-jpa\3.5.3\spring-boot-starter-data-jpa-3.5.3.jar;C:\Users\mathe\.m2\repository\org\springframework\boot\spring-boot-starter\3.5.3\spring-boot-starter-3.5.3.jar;C:\Users\mathe\.m2\repository\org\springframework\boot\spring-boot-starter-logging\3.5.3\spring-boot-starter-logging-3.5.3.jar;C:\Users\mathe\.m2\repository\ch\qos\logback\logback-classic\1.5.18\logback-classic-1.5.18.jar;C:\Users\mathe\.m2\repository\ch\qos\logback\logback-core\1.5.18\logback-core-1.5.18.jar;C:\Users\mathe\.m2\repository\org\apache\logging\log4j\log4j-to-slf4j\2.24.3\log4j-to-slf4j-2.24.3.jar;C:\Users\mathe\.m2\repository\org\slf4j\jul-to-slf4j\2.0.17\jul-to-slf4j-2.0.17.jar;C:\Users\mathe\.m2\repository\jakarta\annotation\jakarta.annotation-api\2.1.1\jakarta.annotation-api-2.1.1.jar;C:\Users\mathe\.m2\repository\org\yaml\snakeyaml\2.4\snakeyaml-2.4.jar;C:\Users\mathe\.m2\repository\org\springframework\boot\spring-boot-starter-jdbc\3.5.3\spring-boot-starter-jdbc-3.5.3.jar;C:\Users\mathe\.m2\repository\com\zaxxer\HikariCP\6.3.0\HikariCP-6.3.0.jar;C:\Users\mathe\.m2\repository\org\springframework\spring-jdbc\6.2.8\spring-jdbc-6.2.8.jar;C:\Users\mathe\.m2\repository\org\hibernate\orm\hibernate-core\6.6.18.Final\hibernate-core-6.6.18.Final.jar;C:\Users\mathe\.m2\repository\jakarta\persistence\jakarta.persistence-api\3.1.0\jakarta.persistence-api-3.1.0.jar;C:\Users\mathe\.m2\repository\jakarta\transaction\jakarta.transaction-api\2.0.1\jakarta.transaction-api-2.0.1.jar;C:\Users\mathe\.m2\repository\org\jboss\logging\jboss-logging\3.6.1.Final\jboss-logging-3.6.1.Final.jar;C:\Users\mathe\.m2\repository\org\hibernate\common\hibernate-commons-annotations\7.0.3.Final\hibernate-commons-annotations-7.0.3.Final.jar;C:\Users\mathe\.m2\repository\io\smallrye\jandex\3.2.0\jandex-3.2.0.jar;C:\Users\mathe\.m2\repository\com\fasterxml\classmate\1.7.0\classmate-1.7.0.jar;C:\Users\mathe\.m2\repository\net\bytebuddy\byte-buddy\1.17.6\byte-buddy-1.17.6.jar;C:\Users\mathe\.m2\repository\org\glassfish\jaxb\jaxb-runtime\4.0.5\jaxb-runtime-4.0.5.jar;C:\Users\mathe\.m2\repository\org\glassfish\jaxb\jaxb-core\4.0.5\jaxb-core-4.0.5.jar;C:\Users\mathe\.m2\repository\org\glassfish\jaxb\txw2\4.0.5\txw2-4.0.5.jar;C:\Users\mathe\.m2\repository\com\sun\istack\istack-commons-runtime\4.1.2\istack-commons-runtime-4.1.2.jar;C:\Users\mathe\.m2\repository\jakarta\inject\jakarta.inject-api\2.0.1\jakarta.inject-api-2.0.1.jar;C:\Users\mathe\.m2\repository\org\antlr\antlr4-runtime\4.13.0\antlr4-runtime-4.13.0.jar;C:\Users\mathe\.m2\repository\org\springframework\data\spring-data-jpa\3.5.1\spring-data-jpa-3.5.1.jar;C:\Users\mathe\.m2\repository\org\springframework\data\spring-data-commons\3.5.1\spring-data-commons-3.5.1.jar;C:\Users\mathe\.m2\repository\org\springframework\spring-orm\6.2.8\spring-orm-6.2.8.jar;C:\Users\mathe\.m2\repository\org\springframework\spring-context\6.2.8\spring-context-6.2.8.jar;C:\Users\mathe\.m2\repository\org\springframework\spring-tx\6.2.8\spring-tx-6.2.8.jar;C:\Users\mathe\.m2\repository\org\springframework\spring-beans\6.2.8\spring-beans-6.2.8.jar;C:\Users\mathe\.m2\repository\org\springframework\spring-aspects\6.2.8\spring-aspects-6.2.8.jar;C:\Users\mathe\.m2\repository\org\aspectj\aspectjweaver\1.9.24\aspectjweaver-1.9.24.jar;C:\Users\mathe\.m2\repository\org\springframework\boot\spring-boot-starter-security\3.5.3\spring-boot-starter-security-3.5.3.jar;C:\Users\mathe\.m2\repository\org\springframework\spring-aop\6.2.8\spring-aop-6.2.8.jar;C:\Users\mathe\.m2\repository\org\springframework\security\spring-security-config\6.5.1\spring-security-config-6.5.1.jar;C:\Users\mathe\.m2\repository\org\springframework\security\spring-security-web\6.5.1\spring-security-web-6.5.1.jar;C:\Users\mathe\.m2\repository\org\springframework\spring-expression\6.2.8\spring-expression-6.2.8.jar;C:\Users\mathe\.m2\repository\org\springframework\boot\spring-boot-starter-web\3.5.3\spring-boot-starter-web-3.5.3.jar;C:\Users\mathe\.m2\repository\org\springframework\boot\spring-boot-starter-json\3.5.3\spring-boot-starter-json-3.5.3.jar;C:\Users\mathe\.m2\repository\com\fasterxml\jackson\datatype\jackson-datatype-jdk8\2.19.1\jackson-datatype-jdk8-2.19.1.jar;C:\Users\mathe\.m2\repository\com\fasterxml\jackson\module\jackson-module-parameter-names\2.19.1\jackson-module-parameter-names-2.19.1.jar;C:\Users\mathe\.m2\repository\org\springframework\boot\spring-boot-starter-tomcat\3.5.3\spring-boot-starter-tomcat-3.5.3.jar;C:\Users\mathe\.m2\repository\org\apache\tomcat\embed\tomcat-embed-core\10.1.42\tomcat-embed-core-10.1.42.jar;C:\Users\mathe\.m2\repository\org\apache\tomcat\embed\tomcat-embed-el\10.1.42\tomcat-embed-el-10.1.42.jar;C:\Users\mathe\.m2\repository\org\apache\tomcat\embed\tomcat-embed-websocket\10.1.42\tomcat-embed-websocket-10.1.42.jar;C:\Users\mathe\.m2\repository\org\springframework\spring-web\6.2.8\spring-web-6.2.8.jar;C:\Users\mathe\.m2\repository\io\micrometer\micrometer-observation\1.15.1\micrometer-observation-1.15.1.jar;C:\Users\mathe\.m2\repository\io\micrometer\micrometer-commons\1.15.1\micrometer-commons-1.15.1.jar;C:\Users\mathe\.m2\repository\org\springframework\spring-webmvc\6.2.8\spring-webmvc-6.2.8.jar;C:\Users\mathe\.m2\repository\org\springframework\boot\spring-boot-starter-mail\3.5.3\spring-boot-starter-mail-3.5.3.jar;C:\Users\mathe\.m2\repository\org\springframework\spring-context-support\6.2.8\spring-context-support-6.2.8.jar;C:\Users\mathe\.m2\repository\org\eclipse\angus\jakarta.mail\2.0.3\jakarta.mail-2.0.3.jar;C:\Users\mathe\.m2\repository\jakarta\activation\jakarta.activation-api\2.1.3\jakarta.activation-api-2.1.3.jar;C:\Users\mathe\.m2\repository\org\eclipse\angus\angus-activation\2.0.2\angus-activation-2.0.2.jar;C:\Users\mathe\.m2\repository\org\flywaydb\flyway-core\11.7.2\flyway-core-11.7.2.jar;C:\Users\mathe\.m2\repository\com\fasterxml\jackson\dataformat\jackson-dataformat-toml\2.19.1\jackson-dataformat-toml-2.19.1.jar;C:\Users\mathe\.m2\repository\com\fasterxml\jackson\datatype\jackson-datatype-jsr310\2.19.1\jackson-datatype-jsr310-2.19.1.jar;C:\Users\mathe\.m2\repository\com\fasterxml\jackson\core\jackson-annotations\2.19.1\jackson-annotations-2.19.1.jar;C:\Users\mathe\.m2\repository\org\flywaydb\flyway-mysql\11.7.2\flyway-mysql-11.7.2.jar;C:\Users\mathe\.m2\repository\org\springframework\boot\spring-boot-devtools\3.5.3\spring-boot-devtools-3.5.3.jar;C:\Users\mathe\.m2\repository\org\springframework\boot\spring-boot\3.5.3\spring-boot-3.5.3.jar;C:\Users\mathe\.m2\repository\org\springframework\boot\spring-boot-autoconfigure\3.5.3\spring-boot-autoconfigure-3.5.3.jar;C:\Users\mathe\.m2\repository\com\mysql\mysql-connector-j\9.2.0\mysql-connector-j-9.2.0.jar;C:\Users\mathe\.m2\repository\jakarta\xml\bind\jakarta.xml.bind-api\4.0.2\jakarta.xml.bind-api-4.0.2.jar;C:\Users\mathe\.m2\repository\org\springframework\spring-core\6.2.8\spring-core-6.2.8.jar;C:\Users\mathe\.m2\repository\org\springframework\spring-jcl\6.2.8\spring-jcl-6.2.8.jar;C:\Users\mathe\.m2\repository\org\springframework\security\spring-security-core\6.5.1\spring-security-core-6.5.1.jar;C:\Users\mathe\.m2\repository\org\springframework\security\spring-security-crypto\6.5.1\spring-security-crypto-6.5.1.jar;C:\Users\mathe\.m2\repository\jakarta\validation\jakarta.validation-api\3.1.1\jakarta.validation-api-3.1.1.jar;C:\Users\mathe\.m2\repository\com\auth0\java-jwt\4.5.0\java-jwt-4.5.0.jar;C:\Users\mathe\.m2\repository\com\fasterxml\jackson\core\jackson-core\2.19.1\jackson-core-2.19.1.jar;C:\Users\mathe\.m2\repository\com\fasterxml\jackson\core\jackson-databind\2.19.1\jackson-databind-2.19.1.jar;C:\Users\mathe\.m2\repository\com\github\jknack\handlebars\4.5.0\handlebars-4.5.0.jar;C:\Users\mathe\.m2\repository\org\apache\commons\commons-text\1.14.0\commons-text-1.14.0.jar;C:\Users\mathe\.m2\repository\org\slf4j\slf4j-api\2.0.17\slf4j-api-2.0.17.jar;C:\Users\mathe\.m2\repository\org\openjdk\nashorn\nashorn-core\15.4\nashorn-core-15.4.jar;C:\Users\mathe\.m2\repository\org\ow2\asm\asm\7.3.1\asm-7.3.1.jar;C:\Users\mathe\.m2\repository\org\ow2\asm\asm-commons\7.3.1\asm-commons-7.3.1.jar;C:\Users\mathe\.m2\repository\org\ow2\asm\asm-analysis\7.3.1\asm-analysis-7.3.1.jar;C:\Users\mathe\.m2\repository\org\ow2\asm\asm-tree\7.3.1\asm-tree-7.3.1.jar;C:\Users\mathe\.m2\repository\org\ow2\asm\asm-util\7.3.1\asm-util-7.3.1.jar;C:\Users\mathe\.m2\repository\org\apache\commons\commons-lang3\3.18.0\commons-lang3-3.18.0.jar;C:\Users\mathe\.m2\repository\org\springframework\boot\spring-boot-starter-webflux\3.5.3\spring-boot-starter-webflux-3.5.3.jar;C:\Users\mathe\.m2\repository\org\springframework\boot\spring-boot-starter-reactor-netty\3.5.3\spring-boot-starter-reactor-netty-3.5.3.jar;C:\Users\mathe\.m2\repository\io\projectreactor\netty\reactor-netty-http\1.2.7\reactor-netty-http-1.2.7.jar;C:\Users\mathe\.m2\repository\io\netty\netty-codec-http\4.1.122.Final\netty-codec-http-4.1.122.Final.jar;C:\Users\mathe\.m2\repository\io\netty\netty-common\4.1.122.Final\netty-common-4.1.122.Final.jar;C:\Users\mathe\.m2\repository\io\netty\netty-buffer\4.1.122.Final\netty-buffer-4.1.122.Final.jar;C:\Users\mathe\.m2\repository\io\netty\netty-transport\4.1.122.Final\netty-transport-4.1.122.Final.jar;C:\Users\mathe\.m2\repository\io\netty\netty-codec\4.1.122.Final\netty-codec-4.1.122.Final.jar;C:\Users\mathe\.m2\repository\io\netty\netty-handler\4.1.122.Final\netty-handler-4.1.122.Final.jar;C:\Users\mathe\.m2\repository\io\netty\netty-codec-http2\4.1.122.Final\netty-codec-http2-4.1.122.Final.jar;C:\Users\mathe\.m2\repository\io\netty\netty-resolver-dns\4.1.122.Final\netty-resolver-dns-4.1.122.Final.jar;C:\Users\mathe\.m2\repository\io\netty\netty-resolver\4.1.122.Final\netty-resolver-4.1.122.Final.jar;C:\Users\mathe\.m2\repository\io\netty\netty-codec-dns\4.1.122.Final\netty-codec-dns-4.1.122.Final.jar;C:\Users\mathe\.m2\repository\io\netty\netty-resolver-dns-native-macos\4.1.122.Final\netty-resolver-dns-native-macos-4.1.122.Final-osx-x86_64.jar;C:\Users\mathe\.m2\repository\io\netty\netty-resolver-dns-classes-macos\4.1.122.Final\netty-resolver-dns-classes-macos-4.1.122.Final.jar;C:\Users\mathe\.m2\repository\io\netty\netty-transport-native-epoll\4.1.122.Final\netty-transport-native-epoll-4.1.122.Final-linux-x86_64.jar;C:\Users\mathe\.m2\repository\io\netty\netty-transport-native-unix-common\4.1.122.Final\netty-transport-native-unix-common-4.1.122.Final.jar;C:\Users\mathe\.m2\repository\io\netty\netty-transport-classes-epoll\4.1.122.Final\netty-transport-classes-epoll-4.1.122.Final.jar;C:\Users\mathe\.m2\repository\io\projectreactor\netty\reactor-netty-core\1.2.7\reactor-netty-core-1.2.7.jar;C:\Users\mathe\.m2\repository\io\netty\netty-handler-proxy\4.1.122.Final\netty-handler-proxy-4.1.122.Final.jar;C:\Users\mathe\.m2\repository\io\netty\netty-codec-socks\4.1.122.Final\netty-codec-socks-4.1.122.Final.jar;C:\Users\mathe\.m2\repository\org\springframework\spring-webflux\6.2.8\spring-webflux-6.2.8.jar;C:\Users\mathe\.m2\repository\io\projectreactor\reactor-core\3.7.7\reactor-core-3.7.7.jar;C:\Users\mathe\.m2\repository\org\reactivestreams\reactive-streams\1.0.4\reactive-streams-1.0.4.jar;C:\Users\mathe\.m2\repository\org\apache\poi\poi-ooxml\5.2.3\poi-ooxml-5.2.3.jar;C:\Users\mathe\.m2\repository\org\apache\poi\poi\5.2.3\poi-5.2.3.jar;C:\Users\mathe\.m2\repository\commons-codec\commons-codec\1.18.0\commons-codec-1.18.0.jar;C:\Users\mathe\.m2\repository\org\apache\commons\commons-math3\3.6.1\commons-math3-3.6.1.jar;C:\Users\mathe\.m2\repository\com\zaxxer\SparseBitSet\1.2\SparseBitSet-1.2.jar;C:\Users\mathe\.m2\repository\org\apache\poi\poi-ooxml-lite\5.2.3\poi-ooxml-lite-5.2.3.jar;C:\Users\mathe\.m2\repository\org\apache\xmlbeans\xmlbeans\5.1.1\xmlbeans-5.1.1.jar;C:\Users\mathe\.m2\repository\org\apache\commons\commons-compress\1.21\commons-compress-1.21.jar;C:\Users\mathe\.m2\repository\commons-io\commons-io\2.11.0\commons-io-2.11.0.jar;C:\Users\mathe\.m2\repository\com\github\virtuald\curvesapi\1.07\curvesapi-1.07.jar;C:\Users\mathe\.m2\repository\org\apache\logging\log4j\log4j-api\2.24.3\log4j-api-2.24.3.jar;C:\Users\mathe\.m2\repository\org\apache\commons\commons-collections4\4.4\commons-collections4-4.4.jar
Launcher Type: SUN_STANDARD

[Global flags]
     intx CICompilerCount                          = 4                                         {product} {ergonomic}
     uint ConcGCThreads                            = 3                                         {product} {ergonomic}
     uint G1ConcRefinementThreads                  = 10                                        {product} {ergonomic}
   size_t G1HeapRegionSize                         = 2097152                                   {product} {ergonomic}
   size_t InitialHeapSize                          = 268435456                                 {product} {ergonomic}
   size_t MarkStackSize                            = 4194304                                   {product} {ergonomic}
   size_t MarkStackSizeMax                         = 536870912                                 {product} {ergonomic}
   size_t MaxHeapSize                              = 4276092928                                {product} {ergonomic}
   size_t MaxNewSize                               = 2564816896                                {product} {ergonomic}
   size_t MinHeapDeltaBytes                        = 2097152                                   {product} {ergonomic}
   size_t MinHeapSize                              = 8388608                                   {product} {ergonomic}
    uintx NonNMethodCodeHeapSize                   = 5832704                                {pd product} {ergonomic}
    uintx NonProfiledCodeHeapSize                  = 122945536                              {pd product} {ergonomic}
    uintx ProfiledCodeHeapSize                     = 122880000                              {pd product} {ergonomic}
    uintx ReservedCodeCacheSize                    = 251658240                              {pd product} {ergonomic}
     bool SegmentedCodeCache                       = true                                      {product} {ergonomic}
   size_t SoftMaxHeapSize                          = 4276092928                             {manageable} {ergonomic}
     bool UseCompressedOops                        = true                           {product lp64_product} {ergonomic}
     bool UseG1GC                                  = true                                      {product} {ergonomic}
     bool UseLargePagesIndividualAllocation        = false                                  {pd product} {ergonomic}

Logging:
Log output configuration:
 #0: stdout all=warning uptime,level,tags foldmultilines=false
 #1: stderr all=off uptime,level,tags foldmultilines=false

Environment Variables:
PATH=C:\Program Files\Eclipse Adoptium\jdk-17.0.17.10-hotspot\bin;C:\Program Files\Common Files\Oracle\Java\javapath;C:\Program Files (x86)\Common Files\Oracle\Java\java8path;C:\Program Files (x86)\Common Files\Oracle\Java\javapath;C:\Python313\Scripts\;C:\Python313\;C:\WINDOWS\system32;C:\WINDOWS;C:\WINDOWS\System32\Wbem;C:\WINDOWS\System32\WindowsPowerShell\v1.0\;C:\WINDOWS\System32\OpenSSH\;C:\Program Files\NVIDIA Corporation\NVIDIA App\NvDLISR;C:\Program Files (x86)\NVIDIA Corporation\PhysX\Common;C:\Program Files\nodejs\;C:\ProgramData\chocolatey\bin;C:\Program Files\cursor\resources\app\bin;C:\Users\mathe\Git\cmd;C:\Program Files\dotnet\;C:\Program Files (x86)\Windows Kits\10\Windows Performance Toolkit\;C:\Program Files\WireGuard\;C:\Users\mathe\AppData\Local\Microsoft\WindowsApps;C:\Users\mathe\AppData\Local\Programs\Microsoft VS Code\bin;C:\Users\mathe\AppData\Roaming\npm;C:\Users\mathe\.dotnet\tools
USERNAME=mathe
OS=Windows_NT
PROCESSOR_IDENTIFIER=AMD64 Family 25 Model 33 Stepping 2, AuthenticAMD
TMP=C:\Users\mathe\AppData\Local\Temp
TEMP=C:\Users\mathe\AppData\Local\Temp




Periodic native trim disabled

---------------  S Y S T E M  ---------------

OS:
 Windows 11 , 64 bit Build 26100 (10.0.26100.5074)
OS uptime: 1 days 0:49 hours

CPU: total 12 (initial active 12) (12 cores per cpu, 2 threads per core) family 25 model 33 stepping 2 microcode 0xa20120a, cx8, cmov, fxsr, ht, mmx, 3dnowpref, sse, sse2, sse3, ssse3, sse4a, sse4.1, sse4.2, popcnt, lzcnt, tsc, tscinvbit, avx, avx2, aes, erms, clmul, bmi1, bmi2, adx, sha, fma, vzeroupper, clflush, clflushopt, rdtscp, rdpid, fsrm, f16c, pku, cet_ss
Processor Information for the first 12 processors :
  Max Mhz: 3501, Current Mhz: 3501, Mhz Limit: 3501

Memory: 4k page, system-wide physical 16305M (3111M free)
TotalPageFile size 36785M (AvailPageFile size 18074M)
current process WorkingSet (physical memory assigned to process): 140M, peak: 140M
current process commit charge ("private bytes"): 387M, peak: 387M

vm_info: Java HotSpot(TM) 64-Bit Server VM (24.0.2+12-54) for windows-amd64 JRE (24.0.2+12-54), built on 2025-07-08T12:10:27Z with MS VC++ 17.6 (VS2022)

END.
